Component: ARM Compiler 5.06 update 6 (build 750) Tool: armlink [4d35ed]

==============================================================================

Section Cross References

    startup_stm32f103xe.o(RESET) refers to startup_stm32f103xe.o(STACK) for __initial_sp
    startup_stm32f103xe.o(RESET) refers to startup_stm32f103xe.o(.text) for Reset_Handler
    startup_stm32f103xe.o(RESET) refers to stm32f1xx_it.o(i.NMI_Handler) for NMI_Handler
    startup_stm32f103xe.o(RESET) refers to stm32f1xx_it.o(i.HardFault_Handler) for HardFault_Handler
    startup_stm32f103xe.o(RESET) refers to stm32f1xx_it.o(i.MemManage_Handler) for MemManage_Handler
    startup_stm32f103xe.o(RESET) refers to stm32f1xx_it.o(i.BusFault_Handler) for BusFault_Handler
    startup_stm32f103xe.o(RESET) refers to stm32f1xx_it.o(i.UsageFault_Handler) for UsageFault_Handler
    startup_stm32f103xe.o(RESET) refers to port.o(.emb_text) for SVC_Handler
    startup_stm32f103xe.o(RESET) refers to stm32f1xx_it.o(i.DebugMon_Handler) for DebugMon_Handler
    startup_stm32f103xe.o(RESET) refers to port.o(i.SysTick_Handler) for SysTick_Handler
    startup_stm32f103xe.o(RESET) refers to stm32f1xx_it.o(i.DMA1_Channel4_IRQHandler) for DMA1_Channel4_IRQHandler
    startup_stm32f103xe.o(RESET) refers to stm32f1xx_it.o(i.DMA1_Channel5_IRQHandler) for DMA1_Channel5_IRQHandler
    startup_stm32f103xe.o(RESET) refers to stm32f1xx_it.o(i.DMA1_Channel6_IRQHandler) for DMA1_Channel6_IRQHandler
    startup_stm32f103xe.o(RESET) refers to stm32f1xx_it.o(i.DMA1_Channel7_IRQHandler) for DMA1_Channel7_IRQHandler
    startup_stm32f103xe.o(RESET) refers to stm32f1xx_it.o(i.TIM1_UP_IRQHandler) for TIM1_UP_IRQHandler
    startup_stm32f103xe.o(RESET) refers to stm32f1xx_it.o(i.USART1_IRQHandler) for USART1_IRQHandler
    startup_stm32f103xe.o(RESET) refers to stm32f1xx_it.o(i.USART2_IRQHandler) for USART2_IRQHandler
    startup_stm32f103xe.o(RESET) refers to stm32f1xx_it.o(i.UART4_IRQHandler) for UART4_IRQHandler
    startup_stm32f103xe.o(RESET) refers to stm32f1xx_it.o(i.DMA2_Channel3_IRQHandler) for DMA2_Channel3_IRQHandler
    startup_stm32f103xe.o(RESET) refers to stm32f1xx_it.o(i.DMA2_Channel4_5_IRQHandler) for DMA2_Channel4_5_IRQHandler
    startup_stm32f103xe.o(.text) refers to system_stm32f1xx.o(i.SystemInit) for SystemInit
    startup_stm32f103xe.o(.text) refers to entry.o(.ARM.Collect$$$$00000000) for __main
    main.o(i.HAL_TIM_PeriodElapsedCallback) refers to stm32f1xx_hal.o(i.HAL_IncTick) for HAL_IncTick
    main.o(i.SystemClock_Config) refers to memseta.o(.text) for __aeabi_memclr4
    main.o(i.SystemClock_Config) refers to stm32f1xx_hal_rcc.o(i.HAL_RCC_OscConfig) for HAL_RCC_OscConfig
    main.o(i.SystemClock_Config) refers to stm32f1xx_hal_rcc.o(i.HAL_RCC_ClockConfig) for HAL_RCC_ClockConfig
    main.o(i.SystemClock_Config) refers to stm32f1xx_hal_rcc_ex.o(i.HAL_RCCEx_PeriphCLKConfig) for HAL_RCCEx_PeriphCLKConfig
    main.o(i.main) refers to stm32f1xx_hal.o(i.HAL_Init) for HAL_Init
    main.o(i.main) refers to main.o(i.SystemClock_Config) for SystemClock_Config
    main.o(i.main) refers to gpio.o(i.MX_GPIO_Init) for MX_GPIO_Init
    main.o(i.main) refers to dma.o(i.MX_DMA_Init) for MX_DMA_Init
    main.o(i.main) refers to rtc.o(i.MX_RTC_Init) for MX_RTC_Init
    main.o(i.main) refers to spi.o(i.MX_SPI1_Init) for MX_SPI1_Init
    main.o(i.main) refers to usart.o(i.MX_UART4_Init) for MX_UART4_Init
    main.o(i.main) refers to usart.o(i.MX_USART2_UART_Init) for MX_USART2_UART_Init
    main.o(i.main) refers to usart.o(i.MX_USART1_UART_Init) for MX_USART1_UART_Init
    main.o(i.main) refers to freertos.o(i.MX_FREERTOS_Init) for MX_FREERTOS_Init
    main.o(i.main) refers to cmsis_os.o(i.osKernelStart) for osKernelStart
    gpio.o(i.MX_GPIO_Init) refers to stm32f1xx_hal_gpio.o(i.HAL_GPIO_WritePin) for HAL_GPIO_WritePin
    gpio.o(i.MX_GPIO_Init) refers to stm32f1xx_hal_gpio.o(i.HAL_GPIO_Init) for HAL_GPIO_Init
    dma.o(i.MX_DMA_Init) refers to stm32f1xx_hal_cortex.o(i.HAL_NVIC_SetPriority) for HAL_NVIC_SetPriority
    dma.o(i.MX_DMA_Init) refers to stm32f1xx_hal_cortex.o(i.HAL_NVIC_EnableIRQ) for HAL_NVIC_EnableIRQ
    freertos.o(i.MX_FREERTOS_Init) refers to cmsis_os.o(i.osMutexCreate) for osMutexCreate
    freertos.o(i.MX_FREERTOS_Init) refers to cmsis_os.o(i.osSemaphoreCreate) for osSemaphoreCreate
    freertos.o(i.MX_FREERTOS_Init) refers to cmsis_os.o(i.osTimerCreate) for osTimerCreate
    freertos.o(i.MX_FREERTOS_Init) refers to cmsis_os.o(i.osMessageCreate) for osMessageCreate
    freertos.o(i.MX_FREERTOS_Init) refers to memcpya.o(.text) for __aeabi_memcpy4
    freertos.o(i.MX_FREERTOS_Init) refers to cmsis_os.o(i.osThreadCreate) for osThreadCreate
    freertos.o(i.MX_FREERTOS_Init) refers to freertos.o(.data) for .data
    freertos.o(i.MX_FREERTOS_Init) refers to freertos.o(.constdata) for .constdata
    freertos.o(i.RebootEc20) refers to ec20.o(i.Ec20Reset) for Ec20Reset
    freertos.o(i.StartDefaultTask) refers to ec20.o(i.Ec20PowerOn) for Ec20PowerOn
[...]
    i.HAL_UART_IRQHandler                    0x08001ef8   Section        0  stm32f1xx_hal_uart.o(i.HAL_UART_IRQHandler)
    i.HAL_UART_Init                          0x08002008   Section        0  stm32f1xx_hal_uart.o(i.HAL_UART_Init)
    i.HAL_UART_MspInit                       0x0800206c   Section        0  usart.o(i.HAL_UART_MspInit)
    i.HAL_UART_Receive_DMA                   0x08002304   Section        0  stm32f1xx_hal_uart.o(i.HAL_UART_Receive_DMA)
    i.HAL_UART_RxCpltCallback                0x0800239c   Section        0  stm32f1xx_hal_uart.o(i.HAL_UART_RxCpltCallback)
    i.HAL_UART_RxHalfCpltCallback            0x0800239e   Section        0  stm32f1xx_hal_uart.o(i.HAL_UART_RxHalfCpltCallback)
    i.HAL_UART_Transmit                      0x080023a0   Section        0  stm32f1xx_hal_uart.o(i.HAL_UART_Transmit)
    i.HAL_UART_TxCpltCallback                0x0800245a   Section        0  stm32f1xx_hal_uart.o(i.HAL_UART_TxCpltCallback)
    i.HardFault_Handler                      0x0800245c   Section        0  stm32f1xx_it.o(i.HardFault_Handler)
    i.MX_DMA_Init                            0x08002460   Section        0  dma.o(i.MX_DMA_Init)
    i.MX_FREERTOS_Init                       0x080024ec   Section        0  freertos.o(i.MX_FREERTOS_Init)
    i.MX_GPIO_Init                           0x08002598   Section        0  gpio.o(i.MX_GPIO_Init)
    i.MX_RTC_Init                            0x08002654   Section        0  rtc.o(i.MX_RTC_Init)
    i.MX_SPI1_Init                           0x080026c0   Section        0  spi.o(i.MX_SPI1_Init)
    i.MX_UART4_Init                          0x08002708   Section        0  usart.o(i.MX_UART4_Init)
    i.MX_USART1_UART_Init                    0x08002748   Section        0  usart.o(i.MX_USART1_UART_Init)
    i.MX_USART2_UART_Init                    0x08002788   Section        0  usart.o(i.MX_USART2_UART_Init)
    i.MemManage_Handler                      0x080027c8   Section        0  stm32f1xx_it.o(i.MemManage_Handler)
    i.NMI_Handler                            0x080027ca   Section        0  stm32f1xx_it.o(i.NMI_Handler)
    i.NVIC_SetPriority                       0x080027cc   Section        0  stm32f1xx_hal_cortex.o(i.NVIC_SetPriority)
    NVIC_SetPriority                         0x080027cd   Thumb Code    32  stm32f1xx_hal_cortex.o(i.NVIC_SetPriority)
    i.PostSleepProcessing                    0x080027ec   Section        0  freertos.o(i.PostSleepProcessing)
    i.PreSleepProcessing                     0x080027ee   Section        0  freertos.o(i.PreSleepProcessing)
    i.RTC_Bcd2ToByte                         0x080027f0   Section        0  stm32f1xx_hal_rtc.o(i.RTC_Bcd2ToByte)
    RTC_Bcd2ToByte                           0x080027f1   Thumb Code    18  stm32f1xx_hal_rtc.o(i.RTC_Bcd2ToByte)
    i.RTC_EnterInitMode                      0x08002802   Section        0  stm32f1xx_hal_rtc.o(i.RTC_EnterInitMode)
    RTC_EnterInitMode                        0x08002803   Thumb Code    52  stm32f1xx_hal_rtc.o(i.RTC_EnterInitMode)
    i.RTC_ExitInitMode                       0x08002838   Section        0  stm32f1xx_hal_rtc.o(i.RTC_ExitInitMode)
    RTC_ExitInitMode                         0x08002839   Thumb Code    54  stm32f1xx_hal_rtc.o(i.RTC_ExitInitMode)
    i.RTC_ReadAlarmCounter                   0x0800286e   Section        0  stm32f1xx_hal_rtc.o(i.RTC_ReadAlarmCounter)
    RTC_ReadAlarmCounter                     0x0800286f   Thumb Code    14  stm32f1xx_hal_rtc.o(i.RTC_ReadAlarmCounter)
    i.RTC_ReadTimeCounter                    0x0800287c   Section        0  stm32f1xx_hal_rtc.o(i.RTC_ReadTimeCounter)
    RTC_ReadTimeCounter                      0x0800287d   Thumb Code    32  stm32f1xx_hal_rtc.o(i.RTC_ReadTimeCounter)
    i.RTC_WeekDayNum                         0x0800289c   Section        0  stm32f1xx_hal_rtc.o(i.RTC_WeekDayNum)
    RTC_WeekDayNum                           0x0800289d   Thumb Code    86  stm32f1xx_hal_rtc.o(i.RTC_WeekDayNum)
    i.RTC_WriteAlarmCounter                  0x080028f2   Section        0  stm32f1xx_hal_rtc.o(i.RTC_WriteAlarmCounter)
    RTC_WriteAlarmCounter                    0x080028f3   Thumb Code    40  stm32f1xx_hal_rtc.o(i.RTC_WriteAlarmCounter)
    i.RTC_WriteTimeCounter                   0x0800291a   Section        0  stm32f1xx_hal_rtc.o(i.RTC_WriteTimeCounter)
    RTC_WriteTimeCounter                     0x0800291b   Thumb Code    40  stm32f1xx_hal_rtc.o(i.RTC_WriteTimeCounter)
    i.RebootEc20                             0x08002942   Section        0  freertos.o(i.RebootEc20)
    i.StartDefaultTask                       0x08002948   Section        0  freertos.o(i.StartDefaultTask)
    i.StartTask02                            0x08002994   Section        0  freertos.o(i.StartTask02)
    i.SysTick_Handler                        0x080029a0   Section        0  port.o(i.SysTick_Handler)
    i.SystemClock_Config                     0x080029cc   Section        0  main.o(i.SystemClock_Config)
    i.SystemInit                             0x08002a34   Section        0  system_stm32f1xx.o(i.SystemInit)
    i.TIM1_UP_IRQHandler                     0x08002a7c   Section        0  stm32f1xx_it.o(i.TIM1_UP_IRQHandler)
    i.TIM_Base_SetConfig                     0x08002a88   Section        0  stm32f1xx_hal_tim.o(i.TIM_Base_SetConfig)
    i.UART4_IRQHandler                       0x08002b14   Section        0  stm32f1xx_it.o(i.UART4_IRQHandler)
    i.UART_DMAAbortOnError                   0x08002b64   Section        0  stm32f1xx_hal_uart.o(i.UART_DMAAbortOnError)
    UART_DMAAbortOnError                     0x08002b65   Thumb Code    16  stm32f1xx_hal_uart.o(i.UART_DMAAbortOnError)
    i.UART_DMAError                          0x08002b74   Section        0  stm32f1xx_hal_uart.o(i.UART_DMAError)
    UART_DMAError                            0x08002b75   Thumb Code    74  stm32f1xx_hal_uart.o(i.UART_DMAError)
    i.UART_DMAReceiveCplt                    0x08002bbe   Section        0  stm32f1xx_hal_uart.o(i.UART_DMAReceiveCplt)
    UART_DMAReceiveCplt                      0x08002bbf   Thumb Code    60  stm32f1xx_hal_uart.o(i.UART_DMAReceiveCplt)
    i.UART_DMARxHalfCplt                     0x08002bfa   Section        0  stm32f1xx_hal_uart.o(i.UART_DMARxHalfCplt)
    UART_DMARxHalfCplt                       0x08002bfb   Thumb Code    10  stm32f1xx_hal_uart.o(i.UART_DMARxHalfCplt)
    i.UART_EndRxTransfer                     0x08002c04   Section        0  stm32f1xx_hal_uart.o(i.UART_EndRxTransfer)
    UART_EndRxTransfer                       0x08002c05   Thumb Code    28  stm32f1xx_hal_uart.o(i.UART_EndRxTransfer)
    i.UART_EndTxTransfer                     0x08002c20   Section        0  stm32f1xx_hal_uart.o(i.UART_EndTxTransfer)
    UART_EndTxTransfer                       0x08002c21   Thumb Code    18  stm32f1xx_hal_uart.o(i.UART_EndTxTransfer)
    i.UART_Receive_IT                        0x08002c32   Section        0  stm32f1xx_hal_uart.o(i.UART_Receive_IT)
    UART_Receive_IT                          0x08002c33   Thumb Code   150  stm32f1xx_hal_uart.o(i.UART_Receive_IT)
    i.UART_SetConfig                         0x08002cc8   Section        0  stm32f1xx_hal_uart.o(i.UART_SetConfig)
    UART_SetConfig                           0x08002cc9   Thumb Code   364  stm32f1xx_hal_uart.o(i.UART_SetConfig)
    i.UART_Transmit_IT                       0x08002e38   Section        0  stm32f1xx_hal_uart.o(i.UART_Transmit_IT)
    UART_Transmit_IT                         0x08002e39   Thumb Code    98  stm32f1xx_hal_uart.o(i.UART_Transmit_IT)
    i.UART_WaitOnFlagUntilTimeout            0x08002e9a   Section        0  stm32f1xx_hal_uart.o(i.UART_WaitOnFlagUntilTimeout)
    UART_WaitOnFlagUntilTimeout              0x08002e9b   Thumb Code   100  stm32f1xx_hal_uart.o(i.UART_WaitOnFlagUntilTimeout)
    i.USART1_IRQHandler                      0x08002f00   Section        0  stm32f1xx_it.o(i.USART1_IRQHandler)
    i.USART2_IRQHandler                      0x08002f50   Section        0  stm32f1xx_it.o(i.USART2_IRQHandler)
    i.UsageFault_Handler                     0x08002fa0   Section        0  stm32f1xx_it.o(i.UsageFault_Handler)
    i.__0printf$2                            0x08002fa4   Section        0  printf2.o(i.__0printf$2)
    i.__scatterload_copy                     0x08002fc4   Section       14  handlers.o(i.__scatterload_copy)
    i.__scatterload_null                     0x08002fd2   Section        2  handlers.o(i.__scatterload_null)
    i.__scatterload_zeroinit                 0x08002fd4   Section       14  handlers.o(i.__scatterload_zeroinit)
    i._printf_core                           0x08002fe2   Section        0  printf2.o(i._printf_core)
    _printf_core                             0x08002fe3   Thumb Code   214  printf2.o(i._printf_core)
    i.eTaskConfirmSleepModeStatus            0x080030b8   Section        0  tasks.o(i.eTaskConfirmSleepModeStatus)
    i.fputc                                  0x080030e8   Section        0  usart.o(i.fputc)
    i.inHandlerMode                          0x08003100   Section        0  cmsis_os.o(i.inHandlerMode)
    inHandlerMode                            0x08003101   Thumb Code    12  cmsis_os.o(i.inHandlerMode)
    i.main                                   0x0800310c   Section        0  main.o(i.main)
    i.makeFreeRtosPriority                   0x0800313a   Section        0  cmsis_os.o(i.makeFreeRtosPriority)
    makeFreeRtosPriority                     0x0800313b   Thumb Code    12  cmsis_os.o(i.makeFreeRtosPriority)
    i.osDelay                                0x08003146   Section        0  cmsis_os.o(i.osDelay)
    i.osKernelStart                          0x08003154   Section        0  cmsis_os.o(i.osKernelStart)
    i.osMessageCreate                        0x0800315e   Section        0  cmsis_os.o(i.osMessageCreate)
    i.osMutexCreate                          0x08003166   Section        0  cmsis_os.o(i.osMutexCreate)
    i.osSemaphoreCreate                      0x0800316c   Section        0  cmsis_os.o(i.osSemaphoreCreate)
    i.osThreadCreate                         0x08003192   Section        0  cmsis_os.o(i.osThreadCreate)
    i.osTimerCreate                          0x080031c0   Section        0  cmsis_os.o(i.osTimerCreate)
    i.osTimerStart                           0x080031e4   Section        0  cmsis_os.o(i.osTimerStart)
    i.osTimerStop                            0x08003240   Section        0  cmsis_os.o(i.osTimerStop)
    i.prvAddCurrentTaskToDelayedList         0x08003298   Section        0  tasks.o(i.prvAddCurrentTaskToDelayedList)
    prvAddCurrentTaskToDelayedList           0x08003299   Thumb Code   102  tasks.o(i.prvAddCurrentTaskToDelayedList)
    i.prvAddNewTaskToReadyList               0x08003308   Section        0  tasks.o(i.prvAddNewTaskToReadyList)
    prvAddNewTaskToReadyList                 0x08003309   Thumb Code   194  tasks.o(i.prvAddNewTaskToReadyList)
    i.prvCheckForValidListAndQueue           0x080033dc   Section        0  timers.o(i.prvCheckForValidListAndQueue)
    prvCheckForValidListAndQueue             0x080033dd   Thumb Code    62  timers.o(i.prvCheckForValidListAndQueue)
    i.prvCheckTasksWaitingTermination        0x0800342c   Section        0  tasks.o(i.prvCheckTasksWaitingTermination)
    prvCheckTasksWaitingTermination          0x0800342d   Thumb Code    70  tasks.o(i.prvCheckTasksWaitingTermination)
    i.prvCopyDataFromQueue                   0x0800347c   Section        0  queue.o(i.prvCopyDataFromQueue)
    prvCopyDataFromQueue                     0x0800347d   Thumb Code    38  queue.o(i.prvCopyDataFromQueue)
    i.prvCopyDataToQueue                     0x080034a2   Section        0  queue.o(i.prvCopyDataToQueue)
    prvCopyDataToQueue                       0x080034a3   Thumb Code   108  queue.o(i.prvCopyDataToQueue)
    i.prvDeleteTCB                           0x0800350e   Section        0  tasks.o(i.prvDeleteTCB)
    prvDeleteTCB                             0x0800350f   Thumb Code    20  tasks.o(i.prvDeleteTCB)
    i.prvGetExpectedIdleTime                 0x08003524   Section        0  tasks.o(i.prvGetExpectedIdleTime)
    prvGetExpectedIdleTime                   0x08003525   Thumb Code    42  tasks.o(i.prvGetExpectedIdleTime)
    i.prvHeapInit                            0x08003558   Section        0  heap_4.o(i.prvHeapInit)
    prvHeapInit                              0x08003559   Thumb Code    66  heap_4.o(i.prvHeapInit)
    i.prvIdleTask                            0x080035a4   Section        0  tasks.o(i.prvIdleTask)
    prvIdleTask                              0x080035a5   Thumb Code    86  tasks.o(i.prvIdleTask)
    i.prvInitialiseNewTask                   0x08003608   Section        0  tasks.o(i.prvInitialiseNewTask)
    prvInitialiseNewTask                     0x08003609   Thumb Code   156  tasks.o(i.prvInitialiseNewTask)
    i.prvInsertBlockIntoFreeList             0x080036a4   Section        0  heap_4.o(i.prvInsertBlockIntoFreeList)
    prvInsertBlockIntoFreeList               0x080036a5   Thumb Code    72  heap_4.o(i.prvInsertBlockIntoFreeList)
    i.prvInsertTimerInActiveList             0x080036f0   Section        0  timers.o(i.prvInsertTimerInActiveList)
    prvInsertTimerInActiveList               0x080036f1   Thumb Code    52  timers.o(i.prvInsertTimerInActiveList)
    i.prvIsQueueEmpty                        0x08003728   Section        0  queue.o(i.prvIsQueueEmpty)
    prvIsQueueEmpty                          0x08003729   Thumb Code    28  queue.o(i.prvIsQueueEmpty)
    i.prvProcessReceivedCommands             0x08003744   Section        0  timers.o(i.prvProcessReceivedCommands)
    prvProcessReceivedCommands               0x08003745   Thumb Code   180  timers.o(i.prvProcessReceivedCommands)
    i.prvProcessTimerOrBlockTask             0x080037fc   Section        0  timers.o(i.prvProcessTimerOrBlockTask)
    prvProcessTimerOrBlockTask               0x080037fd   Thumb Code   172  timers.o(i.prvProcessTimerOrBlockTask)
    i.prvResetNextTaskUnblockTime            0x080038b0   Section        0  tasks.o(i.prvResetNextTaskUnblockTime)
    prvResetNextTaskUnblockTime              0x080038b1   Thumb Code    26  tasks.o(i.prvResetNextTaskUnblockTime)
    i.prvSampleTimeNow                       0x080038d0   Section        0  timers.o(i.prvSampleTimeNow)
    prvSampleTimeNow                         0x080038d1   Thumb Code    36  timers.o(i.prvSampleTimeNow)
    i.prvSwitchTimerLists                    0x080038f8   Section        0  timers.o(i.prvSwitchTimerLists)
    prvSwitchTimerLists                      0x080038f9   Thumb Code   102  timers.o(i.prvSwitchTimerLists)
    i.prvTaskExitError                       0x08003964   Section        0  port.o(i.prvTaskExitError)
    prvTaskExitError                         0x08003965   Thumb Code    36  port.o(i.prvTaskExitError)
    i.prvTimerTask                           0x0800398c   Section        0  timers.o(i.prvTimerTask)
    prvTimerTask                             0x0800398d   Thumb Code    32  timers.o(i.prvTimerTask)
    i.prvUnlockQueue                         0x080039b0   Section        0  queue.o(i.prvUnlockQueue)
    prvUnlockQueue                           0x080039b1   Thumb Code   106  queue.o(i.prvUnlockQueue)
    i.pvPortMalloc                           0x08003a1c   Section        0  heap_4.o(i.pvPortMalloc)
    i.pvTaskIncrementMutexHeldCount          0x08003af4   Section        0  tasks.o(i.pvTaskIncrementMutexHeldCount)
    i.pxPortInitialiseStack                  0x08003b0c   Section        0  port.o(i.pxPortInitialiseStack)
    i.uxListRemove                           0x08003b30   Section        0  list.o(i.uxListRemove)
    i.vListInitialise                        0x08003b54   Section        0  list.o(i.vListInitialise)
    i.vListInitialiseItem                    0x08003b6a   Section        0  list.o(i.vListInitialiseItem)
    i.vListInsert                            0x08003b70   Section        0  list.o(i.vListInsert)
    i.vListInsertEnd                         0x08003ba0   Section        0  list.o(i.vListInsertEnd)
    i.vPortEnterCritical                     0x08003bb8   Section        0  port.o(i.vPortEnterCritical)
    i.vPortExitCritical                      0x08003bf8   Section        0  port.o(i.vPortExitCritical)
    i.vPortFree                              0x08003c20   Section        0  heap_4.o(i.vPortFree)
    i.vPortSetupTimerInterrupt               0x08003c7c   Section        0  port.o(i.vPortSetupTimerInterrupt)
    i.vPortSuppressTicksAndSleep             0x08003cc0   Section        0  port.o(i.vPortSuppressTicksAndSleep)
    i.vPortValidateInterruptPriority         0x08003da8   Section        0  port.o(i.vPortValidateInterruptPriority)
    i.vQueueAddToRegistry                    0x08003dfc   Section        0  queue.o(i.vQueueAddToRegistry)
    i.vQueueWaitForMessageRestricted         0x08003e24   Section        0  queue.o(i.vQueueWaitForMessageRestricted)
    i.vTaskDelay                             0x08003e68   Section        0  tasks.o(i.vTaskDelay)
    i.vTaskMissedYield                       0x08003eb4   Section        0  tasks.o(i.vTaskMissedYield)
    i.vTaskPlaceOnEventList                  0x08003ec0   Section        0  tasks.o(i.vTaskPlaceOnEventList)
    i.vTaskPlaceOnEventListRestricted        0x08003ef0   Section        0  tasks.o(i.vTaskPlaceOnEventListRestricted)
    i.vTaskPriorityInherit                   0x08003f28   Section        0  tasks.o(i.vTaskPriorityInherit)
    i.vTaskSetTimeOutState                   0x08003fac   Section        0  tasks.o(i.vTaskSetTimeOutState)
    i.vTaskStartScheduler                    0x08003fd0   Section        0  tasks.o(i.vTaskStartScheduler)
    i.vTaskStepTick                          0x08004040   Section        0  tasks.o(i.vTaskStepTick)
    i.vTaskSuspendAll                        0x08004068   Section        0  tasks.o(i.vTaskSuspendAll)
    i.vTaskSwitchContext                     0x08004078   Section        0  tasks.o(i.vTaskSwitchContext)
    i.xPortStartScheduler                    0x080040d4   Section        0  port.o(i.xPortStartScheduler)
    i.xQueueCreateMutex                      0x08004148   Section        0  queue.o(i.xQueueCreateMutex)
    i.xQueueGenericCreate                    0x0800416c   Section        0  queue.o(i.xQueueGenericCreate)
    i.xQueueGenericReceive                   0x080041c0   Section        0  queue.o(i.xQueueGenericReceive)
    i.xQueueGenericReset                     0x0800432c   Section        0  queue.o(i.xQueueGenericReset)
    i.xQueueGenericSend                      0x080043b4   Section        0  queue.o(i.xQueueGenericSend)
    i.xQueueGenericSendFromISR               0x08004514   Section        0  queue.o(i.xQueueGenericSendFromISR)
    i.xTaskCheckForTimeOut                   0x080045d0   Section        0  tasks.o(i.xTaskCheckForTimeOut)
    i.xTaskCreate                            0x0800463c   Section        0  tasks.o(i.xTaskCreate)
    i.xTaskGetSchedulerState                 0x08004694   Section        0  tasks.o(i.xTaskGetSchedulerState)
    i.xTaskGetTickCount                      0x080046b0   Section        0  tasks.o(i.xTaskGetTickCount)
    i.xTaskIncrementTick                     0x080046bc   Section        0  tasks.o(i.xTaskIncrementTick)
    i.xTaskPriorityDisinherit                0x08004784   Section        0  tasks.o(i.xTaskPriorityDisinherit)
    i.xTaskRemoveFromEventList               0x0800481c   Section        0  tasks.o(i.xTaskRemoveFromEventList)
    i.xTaskResumeAll                         0x08004898   Section        0  tasks.o(i.xTaskResumeAll)
    i.xTimerCreate                           0x0800495c   Section        0  timers.o(i.xTimerCreate)
    i.xTimerCreateTimerTask                  0x080049ac   Section        0  timers.o(i.xTimerCreateTimerTask)
    i.xTimerGenericCommand                   0x080049f8   Section        0  timers.o(i.xTimerGenericCommand)
    .constdata                               0x08004a58   Section       64  freertos.o(.constdata)
    .constdata                               0x08004a98   Section       16  system_stm32f1xx.o(.constdata)
    .constdata                               0x08004aa8   Section        8  system_stm32f1xx.o(.constdata)
    .conststring                             0x08004ab0   Section       18  freertos.o(.conststring)
    .data                                    0x20000000   Section       36  freertos.o(.data)
    .data                                    0x20000024   Section        1  usart.o(.data)
    .data                                    0x20000025   Section        1  usart.o(.data)
    .data                                    0x20000026   Section        1  usart.o(.data)
    .data                                    0x20000028   Section        2  usart.o(.data)
    .data                                    0x2000002a   Section        2  usart.o(.data)
    .data                                    0x2000002c   Section        2  usart.o(.data)
    .data                                    0x20000030   Section       12  ec20.o(.data)
    .data                                    0x2000003c   Section       12  stm32f1xx_hal.o(.data)
    .data                                    0x20000048   Section        4  system_stm32f1xx.o(.data)
    .data                                    0x2000004c   Section       60  tasks.o(.data)
    uxDeletedTasksWaitingCleanUp             0x20000050   Data           4  tasks.o(.data)
    uxCurrentNumberOfTasks                   0x20000054   Data           4  tasks.o(.data)
    xTickCount                               0x20000058   Data           4  tasks.o(.data)
    uxTopReadyPriority                       0x2000005c   Data           4  tasks.o(.data)
    xSchedulerRunning                        0x20000060   Data           4  tasks.o(.data)
    uxPendedTicks                            0x20000064   Data           4  tasks.o(.data)
    xYieldPending                            0x20000068   Data           4  tasks.o(.data)
    xNumOfOverflows                          0x2000006c   Data           4  tasks.o(.data)
    uxTaskNumber                             0x20000070   Data           4  tasks.o(.data)
    xNextTaskUnblockTime                     0x20000074   Data           4  tasks.o(.data)
    xIdleTaskHandle                          0x20000078   Data           4  tasks.o(.data)
    uxSchedulerSuspended                     0x2000007c   Data           4  tasks.o(.data)
    pxDelayedTaskList                        0x20000080   Data           4  tasks.o(.data)
    pxOverflowDelayedTaskList                0x20000084   Data           4  tasks.o(.data)
    .data                                    0x20000088   Section       20  timers.o(.data)
    xTimerQueue                              0x20000088   Data           4  timers.o(.data)
    xTimerTaskHandle                         0x2000008c   Data           4  timers.o(.data)
    xLastTime                                0x20000090   Data           4  timers.o(.data)
    pxCurrentTimerList                       0x20000094   Data           4  timers.o(.data)
    pxOverflowTimerList                      0x20000098   Data           4  timers.o(.data)
    .data                                    0x2000009c   Section       24  heap_4.o(.data)
    pxEnd                                    0x2000009c   Data           4  heap_4.o(.data)
    xFreeBytesRemaining                      0x200000a0   Data           4  heap_4.o(.data)
    xMinimumEverFreeBytesRemaining           0x200000a4   Data           4  heap_4.o(.data)
    xBlockAllocatedBit                       0x200000a8   Data           4  heap_4.o(.data)
    xStart                                   0x200000ac   Data           8  heap_4.o(.data)
    .data                                    0x200000b4   Section       24  port.o(.data)
    ucMaxSysCallPriority                     0x200000b4   Data           1  port.o(.data)
    uxCriticalNesting                        0x200000b8   Data           4  port.o(.data)
    ulTimerCountsForOneTick                  0x200000bc   Data           4  port.o(.data)
    xMaximumPossibleSuppressedTicks          0x200000c0   Data           4  port.o(.data)
    ulStoppedTimerCompensation               0x200000c4   Data           4  port.o(.data)
    ulMaxPRIGROUPValue                       0x200000c8   Data           4  port.o(.data)
    .data                                    0x200000cc   Section        4  stdout.o(.data)
    .bss                                     0x200000d0   Section       20  rtc.o(.bss)
    .bss                                     0x200000e4   Section       88  spi.o(.bss)
    .bss                                     0x2000013c   Section      256  usart.o(.bss)
    .bss                                     0x2000023c   Section      600  usart.o(.bss)
    .bss                                     0x20000494   Section       64  stm32f1xx_hal_timebase_tim.o(.bss)
    .bss                                     0x200004d4   Section       64  queue.o(.bss)
    .bss                                     0x20000514   Section      300  tasks.o(.bss)
    pxReadyTasksLists                        0x20000514   Data         200  tasks.o(.bss)
    xDelayedTaskList1                        0x200005dc   Data          20  tasks.o(.bss)
    xDelayedTaskList2                        0x200005f0   Data          20  tasks.o(.bss)
    xPendingReadyList                        0x20000604   Data          20  tasks.o(.bss)
    xTasksWaitingTermination                 0x20000618   Data          20  tasks.o(.bss)
    xSuspendedTaskList                       0x2000062c   Data          20  tasks.o(.bss)
    .bss                                     0x20000640   Section       40  timers.o(.bss)
    xActiveTimerList1                        0x20000640   Data          20  timers.o(.bss)
    xActiveTimerList2                        0x20000654   Data          20  timers.o(.bss)
    .bss                                     0x20000668   Section    20480  heap_4.o(.bss)
    ucHeap                                   0x20000668   Data       20480  heap_4.o(.bss)
    STACK                                    0x20005668   Section     1024  startup_stm32f103xe.o(STACK)

    Global Symbols

    Symbol Name                              Value     Ov Type        Size  Object(Section)

    BuildAttributes$$THM_ISAv4$P$D$K$B$S$PE$A:L22UL41UL21$X:L11$S22US41US21$IEEE1$IW$USESV6$~STKCKD$USESV7$~SHL$OSPACE$ROPI$EBA8$MICROLIB$REQ8$PRES8$EABIv2 0x00000000   Number         0  anon$$obj.o ABSOLUTE
    __ARM_use_no_argv                        0x00000000   Number         0  main.o ABSOLUTE
    _printf_a                                0x00000000   Number         0  stubs.o ABSOLUTE
    _printf_c                                0x00000000   Number         0  stubs.o ABSOLUTE
    _printf_charcount                        0x00000000   Number         0  stubs.o ABSOLUTE
    _printf_d                                0x00000000   Number         0  stubs.o ABSOLUTE
    _printf_e                                0x00000000   Number         0  stubs.o ABSOLUTE
    _printf_f                                0x00000000   Number         0  stubs.o ABSOLUTE
    _printf_flags                            0x00000000   Number         0  stubs.o ABSOLUTE
    _printf_fp_dec                           0x00000000   Number         0  stubs.o ABSOLUTE
    _printf_fp_hex                           0x00000000   Number         0  stubs.o ABSOLUTE
    _printf_g                                0x00000000   Number         0  stubs.o ABSOLUTE
    _printf_i                                0x00000000   Number         0  stubs.o ABSOLUTE
    _printf_int_dec                          0x00000000   Number         0  stubs.o ABSOLUTE
    _printf_l                                0x00000000   Number         0  stubs.o ABSOLUTE
    _printf_lc                               0x00000000   Number         0  stubs.o ABSOLUTE
    _printf_ll                               0x00000000   Number         0  stubs.o ABSOLUTE
    _printf_lld                              0x00000000   Number         0  stubs.o ABSOLUTE
    _printf_lli                              0x00000000   Number         0  stubs.o ABSOLUTE
    _printf_llo                              0x00000000   Number         0  stubs.o ABSOLUTE
    _printf_llu                              0x00000000   Number         0  stubs.o ABSOLUTE
    _printf_llx                              0x00000000   Number         0  stubs.o ABSOLUTE
    _printf_longlong_dec                     0x00000000   Number         0  stubs.o ABSOLUTE
    _printf_longlong_hex                     0x00000000   Number         0  stubs.o ABSOLUTE
    _printf_longlong_oct                     0x00000000   Number         0  stubs.o ABSOLUTE
    _printf_ls                               0x00000000   Number         0  stubs.o ABSOLUTE
    _printf_mbtowc                           0x00000000   Number         0  stubs.o ABSOLUTE
    _printf_n                                0x00000000   Number         0  stubs.o ABSOLUTE
    _printf_o                                0x00000000   Number         0  stubs.o ABSOLUTE
    _printf_p                                0x00000000   Number         0  stubs.o ABSOLUTE
    _printf_percent                          0x00000000   Number         0  stubs.o ABSOLUTE
    _printf_pre_padding                      0x00000000   Number         0  stubs.o ABSOLUTE
    _printf_return_value                     0x00000000   Number         0  stubs.o ABSOLUTE
    _printf_s                                0x00000000   Number         0  stubs.o ABSOLUTE
    _printf_sizespec                         0x00000000   Number         0  stubs.o ABSOLUTE
    _printf_str                              0x00000000   Number         0  stubs.o ABSOLUTE
    _printf_truncate_signed                  0x00000000   Number         0  stubs.o ABSOLUTE
    _printf_truncate_unsigned                0x00000000   Number         0  stubs.o ABSOLUTE
    _printf_u                                0x00000000   Number         0  stubs.o ABSOLUTE
    _printf_wc                               0x00000000   Number         0  stubs.o ABSOLUTE
    _printf_wctomb                           0x00000000   Number         0  stubs.o ABSOLUTE
    _printf_widthprec                        0x00000000   Number         0  stubs.o ABSOLUTE
    _printf_x                                0x00000000   Number         0  stubs.o ABSOLUTE
    __cpp_initialize__aeabi_                  - Undefined Weak Reference
    __cxa_finalize                            - Undefined Weak Reference
    __decompress                              - Undefined Weak Reference
    _clock_init                               - Undefined Weak Reference
    _microlib_exit                            - Undefined Weak Reference
    __Vectors_Size                           0x00000130   Number         0  startup_stm32f103xe.o ABSOLUTE
    __Vectors                                0x08000000   Data           4  startup_stm32f103xe.o(RESET)
    __Vectors_End                            0x08000130   Data           0  startup_stm32f103xe.o(RESET)
    __main                                   0x08000131   Thumb Code     0  entry.o(.ARM.Collect$$$$00000000)
    _main_stk                                0x08000131   Thumb Code     0  entry2.o(.ARM.Collect$$$$00000001)
    _main_scatterload                        0x08000135   Thumb Code     0  entry5.o(.ARM.Collect$$$$00000004)
    __main_after_scatterload                 0x08000139   Thumb Code     0  entry5.o(.ARM.Collect$$$$00000004)
    _main_clock                              0x08000139   Thumb Code     0  entry7b.o(.ARM.Collect$$$$00000008)
    _main_cpp_init                           0x08000139   Thumb Code     0  entry8b.o(.ARM.Collect$$$$0000000A)
    _main_init                               0x08000139   Thumb Code     0  entry9a.o(.ARM.Collect$$$$0000000B)
    __rt_final_cpp                           0x08000141   Thumb Code     0  entry10a.o(.ARM.Collect$$$$0000000D)
    __rt_final_exit                          0x08000141   Thumb Code     0  entry11a.o(.ARM.Collect$$$$0000000F)
    SVC_Handler                              0x08000145   Thumb Code    32  port.o(.emb_text)
    __asm___6_port_c_39a90d8d__prvStartFirstTask 0x08000169   Thumb Code    28  port.o(.emb_text)
    PendSV_Handler                           0x08000189   Thumb Code    72  port.o(.emb_text)
    vPortGetIPSR                             0x080001d5   Thumb Code     6  port.o(.emb_text)
    Reset_Handler                            0x080001dd   Thumb Code     8  startup_stm32f103xe.o(.text)
    ADC1_2_IRQHandler                        0x080001f7   Thumb Code     0  startup_stm32f103xe.o(.text)
    ADC3_IRQHandler                          0x080001f7   Thumb Code     0  startup_stm32f103xe.o(.text)
    CAN1_RX1_IRQHandler                      0x080001f7   Thumb Code     0  startup_stm32f103xe.o(.text)
    CAN1_SCE_IRQHandler                      0x080001f7   Thumb Code     0  startup_stm32f103xe.o(.text)
    DMA1_Channel1_IRQHandler                 0x080001f7   Thumb Code     0  startup_stm32f103xe.o(.text)
    DMA1_Channel2_IRQHandler                 0x080001f7   Thumb Code     0  startup_stm32f103xe.o(.text)
    DMA1_Channel3_IRQHandler                 0x080001f7   Thumb Code     0  startup_stm32f103xe.o(.text)
    DMA2_Channel1_IRQHandler                 0x080001f7   Thumb Code     0  startup_stm32f103xe.o(.text)
    DMA2_Channel2_IRQHandler                 0x080001f7   Thumb Code     0  startup_stm32f103xe.o(.text)
    EXTI0_IRQHandler                         0x080001f7   Thumb Code     0  startup_stm32f103xe.o(.text)
    EXTI15_10_IRQHandler                     0x080001f7   Thumb Code     0  startup_stm32f103xe.o(.text)
    EXTI1_IRQHandler                         0x080001f7   Thumb Code     0  startup_stm32f103xe.o(.text)
    EXTI2_IRQHandler                         0x080001f7   Thumb Code     0  startup_stm32f103xe.o(.text)
    EXTI3_IRQHandler                         0x080001f7   Thumb Code     0  startup_stm32f103xe.o(.text)
    EXTI4_IRQHandler                         0x080001f7   Thumb Code     0  startup_stm32f103xe.o(.text)
    EXTI9_5_IRQHandler                       0x080001f7   Thumb Code     0  startup_stm32f103xe.o(.text)
    FLASH_IRQHandler                         0x080001f7   Thumb Code     0  startup_stm32f103xe.o(.text)
    FSMC_IRQHandler                          0x080001f7   Thumb Code     0  startup_stm32f103xe.o(.text)
    I2C1_ER_IRQHandler                       0x080001f7   Thumb Code     0  startup_stm32f103xe.o(.text)
    I2C1_EV_IRQHandler                       0x080001f7   Thumb Code     0  startup_stm32f103xe.o(.text)
    I2C2_ER_IRQHandler                       0x080001f7   Thumb Code     0  startup_stm32f103xe.o(.text)
    I2C2_EV_IRQHandler                       0x080001f7   Thumb Code     0  startup_stm32f103xe.o(.text)
    PVD_IRQHandler                           0x080001f7   Thumb Code     0  startup_stm32f103xe.o(.text)
    RCC_IRQHandler                           0x080001f7   Thumb Code     0  startup_stm32f103xe.o(.text)
    RTC_Alarm_IRQHandler                     0x080001f7   Thumb Code     0  startup_stm32f103xe.o(.text)
    RTC_IRQHandler                           0x080001f7   Thumb Code     0  startup_stm32f103xe.o(.text)
    SDIO_IRQHandler                          0x080001f7   Thumb Code     0  startup_stm32f103xe.o(.text)
    SPI1_IRQHandler                          0x080001f7   Thumb Code     0  startup_stm32f103xe.o(.text)
    SPI2_IRQHandler                          0x080001f7   Thumb Code     0  startup_stm32f103xe.o(.text)
    SPI3_IRQHandler                          0x080001f7   Thumb Code     0  startup_stm32f103xe.o(.text)
    TAMPER_IRQHandler                        0x080001f7   Thumb Code     0  startup_stm32f103xe.o(.text)
    TIM1_BRK_IRQHandler                      0x080001f7   Thumb Code     0  startup_stm32f103xe.o(.text)
    TIM1_CC_IRQHandler                       0x080001f7   Thumb Code     0  startup_stm32f103xe.o(.text)
    TIM1_TRG_COM_IRQHandler                  0x080001f7   Thumb Code     0  startup_stm32f103xe.o(.text)
    TIM2_IRQHandler                          0x080001f7   Thumb Code     0  startup_stm32f103xe.o(.text)
    TIM3_IRQHandler                          0x080001f7   Thumb Code     0  startup_stm32f103xe.o(.text)
    TIM4_IRQHandler                          0x080001f7   Thumb Code     0  startup_stm32f103xe.o(.text)
    TIM5_IRQHandler                          0x080001f7   Thumb Code     0  startup_stm32f103xe.o(.text)
    TIM6_IRQHandler                          0x080001f7   Thumb Code     0  startup_stm32f103xe.o(.text)
    TIM7_IRQHandler                          0x080001f7   Thumb Code     0  startup_stm32f103xe.o(.text)
    TIM8_BRK_IRQHandler                      0x080001f7   Thumb Code     0  startup_stm32f103xe.o(.text)
    TIM8_CC_IRQHandler                       0x080001f7   Thumb Code     0  startup_stm32f103xe.o(.text)
    TIM8_TRG_COM_IRQHandler                  0x080001f7   Thumb Code     0  startup_stm32f103xe.o(.text)
    TIM8_UP_IRQHandler                       0x080001f7   Thumb Code     0  startup_stm32f103xe.o(.text)
    UART5_IRQHandler                         0x080001f7   Thumb Code     0  startup_stm32f103xe.o(.text)
    USART3_IRQHandler                        0x080001f7   Thumb Code     0  startup_stm32f103xe.o(.text)
    USBWakeUp_IRQHandler                     0x080001f7   Thumb Code     0  startup_stm32f103xe.o(.text)
    USB_HP_CAN1_TX_IRQHandler                0x080001f7   Thumb Code     0  startup_stm32f103xe.o(.text)
    USB_LP_CAN1_RX0_IRQHandler               0x080001f7   Thumb Code     0  startup_stm32f103xe.o(.text)
    WWDG_IRQHandler                          0x080001f7   Thumb Code     0  startup_stm32f103xe.o(.text)
    __aeabi_memcpy                           0x08000201   Thumb Code    36  memcpya.o(.text)
    __aeabi_memcpy4                          0x08000201   Thumb Code     0  memcpya.o(.text)
    __aeabi_memcpy8                          0x08000201   Thumb Code     0  memcpya.o(.text)
    __aeabi_memset                           0x08000225   Thumb Code    14  memseta.o(.text)
    __aeabi_memset4                          0x08000225   Thumb Code     0  memseta.o(.text)
    __aeabi_memset8                          0x08000225   Thumb Code     0  memseta.o(.text)
    __aeabi_memclr                           0x08000233   Thumb Code     4  memseta.o(.text)
    __aeabi_memclr4                          0x08000233   Thumb Code     0  memseta.o(.text)
    __aeabi_memclr8                          0x08000233   Thumb Code     0  memseta.o(.text)
    _memset$wrapper                          0x08000237   Thumb Code    18  memseta.o(.text)
    strstr                                   0x08000249   Thumb Code    36  strstr.o(.text)
    __scatterload                            0x0800026d   Thumb Code    28  init.o(.text)
    __scatterload_rt2                        0x0800026d   Thumb Code     0  init.o(.text)
    AccessAPN                                0x08000291   Thumb Code   136  ec20.o(i.AccessAPN)
    ActivationSystem                         0x08000351   Thumb Code   136  ec20.o(i.ActivationSystem)
    BusFault_Handler                         0x08000401   Thumb Code     2  stm32f1xx_it.o(i.BusFault_Handler)
    Callback01                               0x08000403   Thumb Code     2  freertos.o(i.Callback01)
    Callback02                               0x08000405   Thumb Code     2  freertos.o(i.Callback02)
    Callback03                               0x08000407   Thumb Code     2  freertos.o(i.Callback03)
    CheckGPRSInternet                        0x08000409   Thumb Code   148  ec20.o(i.CheckGPRSInternet)
    CheckGSMInternet                         0x080004d5   Thumb Code   148  ec20.o(i.CheckGSMInternet)
    CheckSIM                                 0x080005a1   Thumb Code   136  ec20.o(i.CheckSIM)
    CheckWhetherReturnOK                     0x08000659   Thumb Code   136  ec20.o(i.CheckWhetherReturnOK)
    Clear_Buffer                             0x08000705   Thumb Code    20  ec20.o(i.Clear_Buffer)
    DMA1_Channel4_IRQHandler                 0x08000721   Thumb Code     6  stm32f1xx_it.o(i.DMA1_Channel4_IRQHandler)
    DMA1_Channel5_IRQHandler                 0x0800072d   Thumb Code     6  stm32f1xx_it.o(i.DMA1_Channel5_IRQHandler)
    DMA1_Channel6_IRQHandler                 0x08000739   Thumb Code     6  stm32f1xx_it.o(i.DMA1_Channel6_IRQHandler)
    DMA1_Channel7_IRQHandler                 0x08000745   Thumb Code     6  stm32f1xx_it.o(i.DMA1_Channel7_IRQHandler)
    DMA2_Channel3_IRQHandler                 0x08000751   Thumb Code     6  stm32f1xx_it.o(i.DMA2_Channel3_IRQHandler)
    DMA2_Channel4_5_IRQHandler               0x0800075d   Thumb Code     6  stm32f1xx_it.o(i.DMA2_Channel4_5_IRQHandler)
    DeactivationSystem                       0x08000795   Thumb Code   136  ec20.o(i.DeactivationSystem)
    DebugMon_Handler                         0x08000845   Thumb Code     2  stm32f1xx_it.o(i.DebugMon_Handler)
    EC20_Init                                0x08000849   Thumb Code   244  ec20.o(i.EC20_Init)
    Ec20PowerOn                              0x08000a0d   Thumb Code    36  ec20.o(i.Ec20PowerOn)
    Ec20Reset                                0x08000a35   Thumb Code    38  ec20.o(i.Ec20Reset)
    Error_Handler                            0x08000a61   Thumb Code     2  main.o(i.Error_Handler)
    HAL_DMA_Abort                            0x08000a63   Thumb Code    48  stm32f1xx_hal_dma.o(i.HAL_DMA_Abort)
    HAL_DMA_Abort_IT                         0x08000a95   Thumb Code   296  stm32f1xx_hal_dma.o(i.HAL_DMA_Abort_IT)
    HAL_DMA_IRQHandler                       0x08000bc5   Thumb Code   552  stm32f1xx_hal_dma.o(i.HAL_DMA_IRQHandler)
    HAL_DMA_Init                             0x08000e0d   Thumb Code   112  stm32f1xx_hal_dma.o(i.HAL_DMA_Init)
    HAL_DMA_Start_IT                         0x08000e89   Thumb Code   112  stm32f1xx_hal_dma.o(i.HAL_DMA_Start_IT)
    HAL_GPIO_Init                            0x08000ef9   Thumb Code   446  stm32f1xx_hal_gpio.o(i.HAL_GPIO_Init)
    HAL_GPIO_WritePin                        0x080010e1   Thumb Code    10  stm32f1xx_hal_gpio.o(i.HAL_GPIO_WritePin)
    HAL_GetTick                              0x080010ed   Thumb Code     6  stm32f1xx_hal.o(i.HAL_GetTick)
    HAL_IncTick                              0x080010f9   Thumb Code    12  stm32f1xx_hal.o(i.HAL_IncTick)
    HAL_Init                                 0x08001109   Thumb Code    32  stm32f1xx_hal.o(i.HAL_Init)
    HAL_InitTick                             0x0800112d   Thumb Code    98  stm32f1xx_hal_timebase_tim.o(i.HAL_InitTick)
    HAL_MspInit                              0x080011a1   Thumb Code    62  stm32f1xx_hal_msp.o(i.HAL_MspInit)
    HAL_NVIC_EnableIRQ                       0x080011e9   Thumb Code    22  stm32f1xx_hal_cortex.o(i.HAL_NVIC_EnableIRQ)
    HAL_NVIC_SetPriority                     0x08001201   Thumb Code    60  stm32f1xx_hal_cortex.o(i.HAL_NVIC_SetPriority)
    HAL_NVIC_SetPriorityGrouping             0x08001241   Thumb Code    26  stm32f1xx_hal_cortex.o(i.HAL_NVIC_SetPriorityGrouping)
    HAL_NVIC_SystemReset                     0x08001265   Thumb Code    26  stm32f1xx_hal_cortex.o(i.HAL_NVIC_SystemReset)
    HAL_PWR_EnableBkUpAccess                 0x08001289   Thumb Code     8  stm32f1xx_hal_pwr.o(i.HAL_PWR_EnableBkUpAccess)
    HAL_RCCEx_GetPeriphCLKFreq               0x08001295   Thumb Code   180  stm32f1xx_hal_rcc_ex.o(i.HAL_RCCEx_GetPeriphCLKFreq)
    HAL_RCCEx_PeriphCLKConfig                0x08001369   Thumb Code   224  stm32f1xx_hal_rcc_ex.o(i.HAL_RCCEx_PeriphCLKConfig)
    HAL_RCC_ClockConfig                      0x08001455   Thumb Code   346  stm32f1xx_hal_rcc.o(i.HAL_RCC_ClockConfig)
    HAL_RCC_GetClockConfig                   0x080015c1   Thumb Code    54  stm32f1xx_hal_rcc.o(i.HAL_RCC_GetClockConfig)
    HAL_RCC_GetPCLK1Freq                     0x08001601   Thumb Code    20  stm32f1xx_hal_rcc.o(i.HAL_RCC_GetPCLK1Freq)
    HAL_RCC_GetPCLK2Freq                     0x08001621   Thumb Code    20  stm32f1xx_hal_rcc.o(i.HAL_RCC_GetPCLK2Freq)
    HAL_RCC_GetSysClockFreq                  0x08001641   Thumb Code    74  stm32f1xx_hal_rcc.o(i.HAL_RCC_GetSysClockFreq)
    HAL_RCC_OscConfig                        0x080016ad   Thumb Code   750  stm32f1xx_hal_rcc.o(i.HAL_RCC_OscConfig)
    HAL_RTC_Init                             0x080019b1   Thumb Code   154  stm32f1xx_hal_rtc.o(i.HAL_RTC_Init)
    HAL_RTC_MspInit                          0x08001a51   Thumb Code    40  rtc.o(i.HAL_RTC_MspInit)
    HAL_RTC_SetDate                          0x08001a85   Thumb Code   192  stm32f1xx_hal_rtc.o(i.HAL_RTC_SetDate)
    HAL_RTC_SetTime                          0x08001b49   Thumb Code   168  stm32f1xx_hal_rtc.o(i.HAL_RTC_SetTime)
    HAL_RTC_WaitForSynchro                   0x08001bf5   Thumb Code    58  stm32f1xx_hal_rtc.o(i.HAL_RTC_WaitForSynchro)
    HAL_SPI_Init                             0x08001c2f   Thumb Code   130  stm32f1xx_hal_spi_ex.o(i.HAL_SPI_Init)
    HAL_SPI_MspInit                          0x08001cb1   Thumb Code    98  spi.o(i.HAL_SPI_MspInit)
    HAL_TIMEx_BreakCallback                  0x08001d21   Thumb Code     2  stm32f1xx_hal_tim_ex.o(i.HAL_TIMEx_BreakCallback)
    HAL_TIMEx_CommutationCallback            0x08001d23   Thumb Code     2  stm32f1xx_hal_tim_ex.o(i.HAL_TIMEx_CommutationCallback)
    HAL_TIM_Base_Init                        0x08001d25   Thumb Code    54  stm32f1xx_hal_tim.o(i.HAL_TIM_Base_Init)
    HAL_TIM_Base_MspInit                     0x08001d5b   Thumb Code     2  stm32f1xx_hal_tim.o(i.HAL_TIM_Base_MspInit)
    HAL_TIM_Base_Start_IT                    0x08001d5d   Thumb Code    24  stm32f1xx_hal_tim.o(i.HAL_TIM_Base_Start_IT)
    HAL_TIM_IC_CaptureCallback               0x08001d75   Thumb Code     2  stm32f1xx_hal_tim.o(i.HAL_TIM_IC_CaptureCallback)
    HAL_TIM_IRQHandler                       0x08001d77   Thumb Code   358  stm32f1xx_hal_tim.o(i.HAL_TIM_IRQHandler)
    HAL_TIM_OC_DelayElapsedCallback          0x08001edd   Thumb Code     2  stm32f1xx_hal_tim.o(i.HAL_TIM_OC_DelayElapsedCallback)
    HAL_TIM_PWM_PulseFinishedCallback        0x08001edf   Thumb Code     2  stm32f1xx_hal_tim.o(i.HAL_TIM_PWM_PulseFinishedCallback)
    HAL_TIM_PeriodElapsedCallback            0x08001ee1   Thumb Code    14  main.o(i.HAL_TIM_PeriodElapsedCallback)
    HAL_TIM_TriggerCallback                  0x08001ef5   Thumb Code     2  stm32f1xx_hal_tim.o(i.HAL_TIM_TriggerCallback)
    HAL_UART_ErrorCallback                   0x08001ef7   Thumb Code     2  stm32f1xx_hal_uart.o(i.HAL_UART_ErrorCallback)
    HAL_UART_IRQHandler                      0x08001ef9   Thumb Code   266  stm32f1xx_hal_uart.o(i.HAL_UART_IRQHandler)
    HAL_UART_Init                            0x08002009   Thumb Code    98  stm32f1xx_hal_uart.o(i.HAL_UART_Init)
    HAL_UART_MspInit                         0x0800206d   Thumb Code   616  usart.o(i.HAL_UART_MspInit)
    HAL_UART_Receive_DMA                     0x08002305   Thumb Code   138  stm32f1xx_hal_uart.o(i.HAL_UART_Receive_DMA)
    HAL_UART_RxCpltCallback                  0x0800239d   Thumb Code     2  stm32f1xx_hal_uart.o(i.HAL_UART_RxCpltCallback)
    HAL_UART_RxHalfCpltCallback              0x0800239f   Thumb Code     2  stm32f1xx_hal_uart.o(i.HAL_UART_RxHalfCpltCallback)
    HAL_UART_Transmit                        0x080023a1   Thumb Code   186  stm32f1xx_hal_uart.o(i.HAL_UART_Transmit)
    HAL_UART_TxCpltCallback                  0x0800245b   Thumb Code     2  stm32f1xx_hal_uart.o(i.HAL_UART_TxCpltCallback)
    HardFault_Handler                        0x0800245d   Thumb Code     2  stm32f1xx_it.o(i.HardFault_Handler)
    MX_DMA_Init                              0x08002461   Thumb Code   136  dma.o(i.MX_DMA_Init)
    MX_FREERTOS_Init                         0x080024ed   Thumb Code   162  freertos.o(i.MX_FREERTOS_Init)
    MX_GPIO_Init                             0x08002599   Thumb Code   176  gpio.o(i.MX_GPIO_Init)
    MX_RTC_Init                              0x08002655   Thumb Code   100  rtc.o(i.MX_RTC_Init)
    MX_SPI1_Init                             0x080026c1   Thumb Code    62  spi.o(i.MX_SPI1_Init)
    MX_UART4_Init                            0x08002709   Thumb Code    54  usart.o(i.MX_UART4_Init)
    MX_USART1_UART_Init                      0x08002749   Thumb Code    54  usart.o(i.MX_USART1_UART_Init)
    MX_USART2_UART_Init                      0x08002789   Thumb Code    54  usart.o(i.MX_USART2_UART_Init)
    MemManage_Handler                        0x080027c9   Thumb Code     2  stm32f1xx_it.o(i.MemManage_Handler)
    NMI_Handler                              0x080027cb   Thumb Code     2  stm32f1xx_it.o(i.NMI_Handler)
    PostSleepProcessing                      0x080027ed   Thumb Code     2  freertos.o(i.PostSleepProcessing)
    PreSleepProcessing                       0x080027ef   Thumb Code     2  freertos.o(i.PreSleepProcessing)
    RebootEc20                               0x08002943   Thumb Code     4  freertos.o(i.RebootEc20)
    StartDefaultTask                         0x08002949   Thumb Code    56  freertos.o(i.StartDefaultTask)
    StartTask02                              0x08002995   Thumb Code    12  freertos.o(i.StartTask02)
    SysTick_Handler                          0x080029a1   Thumb Code    38  port.o(i.SysTick_Handler)
    SystemClock_Config                       0x080029cd   Thumb Code   104  main.o(i.SystemClock_Config)
    SystemInit                               0x08002a35   Thumb Code    56  system_stm32f1xx.o(i.SystemInit)
    TIM1_UP_IRQHandler                       0x08002a7d   Thumb Code     6  stm32f1xx_it.o(i.TIM1_UP_IRQHandler)
    TIM_Base_SetConfig                       0x08002a89   Thumb Code   120  stm32f1xx_hal_tim.o(i.TIM_Base_SetConfig)
    UART4_IRQHandler                         0x08002b15   Thumb Code    68  stm32f1xx_it.o(i.UART4_IRQHandler)
    USART1_IRQHandler                        0x08002f01   Thumb Code    68  stm32f1xx_it.o(i.USART1_IRQHandler)
    USART2_IRQHandler                        0x08002f51   Thumb Code    68  stm32f1xx_it.o(i.USART2_IRQHandler)
    UsageFault_Handler                       0x08002fa1   Thumb Code     2  stm32f1xx_it.o(i.UsageFault_Handler)
    __0printf$2                              0x08002fa5   Thumb Code    22  printf2.o(i.__0printf$2)
    __1printf$2                              0x08002fa5   Thumb Code     0  printf2.o(i.__0printf$2)
    __2printf                                0x08002fa5   Thumb Code     0  printf2.o(i.__0printf$2)
    __scatterload_copy                       0x08002fc5   Thumb Code    14  handlers.o(i.__scatterload_copy)
    __scatterload_null                       0x08002fd3   Thumb Code     2  handlers.o(i.__scatterload_null)
    __scatterload_zeroinit                   0x08002fd5   Thumb Code    14  handlers.o(i.__scatterload_zeroinit)
    eTaskConfirmSleepModeStatus              0x080030b9   Thumb Code    38  tasks.o(i.eTaskConfirmSleepModeStatus)
    fputc                                    0x080030e9   Thumb Code    20  usart.o(i.fputc)
    main                                     0x0800310d   Thumb Code    46  main.o(i.main)
    osDelay                                  0x08003147   Thumb Code    14  cmsis_os.o(i.osDelay)
    osKernelStart                            0x08003155   Thumb Code    10  cmsis_os.o(i.osKernelStart)
    osMessageCreate                          0x0800315f   Thumb Code     8  cmsis_os.o(i.osMessageCreate)
    osMutexCreate                            0x08003167   Thumb Code     6  cmsis_os.o(i.osMutexCreate)
    osSemaphoreCreate                        0x0800316d   Thumb Code    38  cmsis_os.o(i.osSemaphoreCreate)
    osThreadCreate                           0x08003193   Thumb Code    46  cmsis_os.o(i.osThreadCreate)
    osTimerCreate                            0x080031c1   Thumb Code    30  cmsis_os.o(i.osTimerCreate)
    osTimerStart                             0x080031e5   Thumb Code    88  cmsis_os.o(i.osTimerStart)
    osTimerStop                              0x08003241   Thumb Code    82  cmsis_os.o(i.osTimerStop)
    pvPortMalloc                             0x08003a1d   Thumb Code   210  heap_4.o(i.pvPortMalloc)
    pvTaskIncrementMutexHeldCount            0x08003af5   Thumb Code    18  tasks.o(i.pvTaskIncrementMutexHeldCount)
    pxPortInitialiseStack                    0x08003b0d   Thumb Code    32  port.o(i.pxPortInitialiseStack)
    uxListRemove                             0x08003b31   Thumb Code    36  list.o(i.uxListRemove)
    vListInitialise                          0x08003b55   Thumb Code    22  list.o(i.vListInitialise)
    vListInitialiseItem                      0x08003b6b   Thumb Code     6  list.o(i.vListInitialiseItem)
    vListInsert                              0x08003b71   Thumb Code    48  list.o(i.vListInsert)
    vListInsertEnd                           0x08003ba1   Thumb Code    24  list.o(i.vListInsertEnd)
    vPortEnterCritical                       0x08003bb9   Thumb Code    54  port.o(i.vPortEnterCritical)
    vPortExitCritical                        0x08003bf9   Thumb Code    34  port.o(i.vPortExitCritical)
    vPortFree                                0x08003c21   Thumb Code    88  heap_4.o(i.vPortFree)
    vPortSetupTimerInterrupt                 0x08003c7d   Thumb Code    58  port.o(i.vPortSetupTimerInterrupt)
    vPortSuppressTicksAndSleep               0x08003cc1   Thumb Code   228  port.o(i.vPortSuppressTicksAndSleep)
    vPortValidateInterruptPriority           0x08003da9   Thumb Code    74  port.o(i.vPortValidateInterruptPriority)
    vQueueAddToRegistry                      0x08003dfd   Thumb Code    34  queue.o(i.vQueueAddToRegistry)
    vQueueWaitForMessageRestricted           0x08003e25   Thumb Code    68  queue.o(i.vQueueWaitForMessageRestricted)
    vTaskDelay                               0x08003e69   Thumb Code    66  tasks.o(i.vTaskDelay)
    vTaskMissedYield                         0x08003eb5   Thumb Code     8  tasks.o(i.vTaskMissedYield)
    vTaskPlaceOnEventList                    0x08003ec1   Thumb Code    44  tasks.o(i.vTaskPlaceOnEventList)
    vTaskPlaceOnEventListRestricted          0x08003ef1   Thumb Code    52  tasks.o(i.vTaskPlaceOnEventListRestricted)
    vTaskPriorityInherit                     0x08003f29   Thumb Code   124  tasks.o(i.vTaskPriorityInherit)
    vTaskSetTimeOutState                     0x08003fad   Thumb Code    30  tasks.o(i.vTaskSetTimeOutState)
    vTaskStartScheduler                      0x08003fd1   Thumb Code    96  tasks.o(i.vTaskStartScheduler)
    vTaskStepTick                            0x08004041   Thumb Code    36  tasks.o(i.vTaskStepTick)
    vTaskSuspendAll                          0x08004069   Thumb Code    10  tasks.o(i.vTaskSuspendAll)
    vTaskSwitchContext                       0x08004079   Thumb Code    82  tasks.o(i.vTaskSwitchContext)
    xPortStartScheduler                      0x080040d5   Thumb Code   102  port.o(i.xPortStartScheduler)
    xQueueCreateMutex                        0x08004149   Thumb Code    36  queue.o(i.xQueueCreateMutex)
    xQueueGenericCreate                      0x0800416d   Thumb Code    82  queue.o(i.xQueueGenericCreate)
    xQueueGenericReceive                     0x080041c1   Thumb Code   360  queue.o(i.xQueueGenericReceive)
    xQueueGenericReset                       0x0800432d   Thumb Code   132  queue.o(i.xQueueGenericReset)
    xQueueGenericSend                        0x080043b5   Thumb Code   346  queue.o(i.xQueueGenericSend)
    xQueueGenericSendFromISR                 0x08004515   Thumb Code   188  queue.o(i.xQueueGenericSendFromISR)
    xTaskCheckForTimeOut                     0x080045d1   Thumb Code   102  tasks.o(i.xTaskCheckForTimeOut)
    xTaskCreate                              0x0800463d   Thumb Code    86  tasks.o(i.xTaskCreate)
    xTaskGetSchedulerState                   0x08004695   Thumb Code    22  tasks.o(i.xTaskGetSchedulerState)
    xTaskGetTickCount                        0x080046b1   Thumb Code     6  tasks.o(i.xTaskGetTickCount)
    xTaskIncrementTick                       0x080046bd   Thumb Code   192  tasks.o(i.xTaskIncrementTick)
    xTaskPriorityDisinherit                  0x08004785   Thumb Code   144  tasks.o(i.xTaskPriorityDisinherit)
    xTaskRemoveFromEventList                 0x0800481d   Thumb Code   114  tasks.o(i.xTaskRemoveFromEventList)
    xTaskResumeAll                           0x08004899   Thumb Code   182  tasks.o(i.xTaskResumeAll)
    xTimerCreate                             0x0800495d   Thumb Code    78  timers.o(i.xTimerCreate)
    xTimerCreateTimerTask                    0x080049ad   Thumb Code    58  timers.o(i.xTimerCreateTimerTask)
    xTimerGenericCommand                     0x080049f9   Thumb Code    92  timers.o(i.xTimerGenericCommand)
    AHBPrescTable                            0x08004a98   Data          16  system_stm32f1xx.o(.constdata)
    APBPrescTable                            0x08004aa8   Data           8  system_stm32f1xx.o(.constdata)
    Region$$Table$$Base                      0x08004ac4   Number         0  anon$$obj.o(Region$$Table)
    Region$$Table$$Limit                     0x08004ae4   Number         0  anon$$obj.o(Region$$Table)
    RebootEcTimeHandle                       0x20000000   Data           4  freertos.o(.data)
    DUTTaskHandle                            0x20000004   Data           4  freertos.o(.data)
    LightTaskHandle                          0x20000008   Data           4  freertos.o(.data)
    DTUTaskQueueHandle                       0x2000000c   Data           4  freertos.o(.data)
    myTimer01Handle                          0x20000010   Data           4  freertos.o(.data)
    LedBlinkHandle                           0x20000014   Data           4  freertos.o(.data)
    myTimer03Handle                          0x20000018   Data           4  freertos.o(.data)
    myMutex01Handle                          0x2000001c   Data           4  freertos.o(.data)
    myBinarySem01Handle                      0x20000020   Data           4  freertos.o(.data)
    usart1_flag                              0x20000024   Data           1  usart.o(.data)
    usart2_flag                              0x20000025   Data           1  usart.o(.data)
    usart4_flag                              0x20000026   Data           1  usart.o(.data)
    usart1_rx_len                            0x20000028   Data           2  usart.o(.data)
    usart2_rx_len                            0x2000002a   Data           2  usart.o(.data)
    usart4_rx_len                            0x2000002c   Data           2  usart.o(.data)
    g_fix_data                               0x20000030   Data           1  ec20.o(.data)
    strx                                     0x20000034   Data           4  ec20.o(.data)
    extstrx                                  0x20000038   Data           4  ec20.o(.data)
    uwTickFreq                               0x2000003c   Data           1  stm32f1xx_hal.o(.data)
    uwTickPrio                               0x20000040   Data           4  stm32f1xx_hal.o(.data)
    uwTick                                   0x20000044   Data           4  stm32f1xx_hal.o(.data)
    SystemCoreClock                          0x20000048   Data           4  system_stm32f1xx.o(.data)
    pxCurrentTCB                             0x2000004c   Data           4  tasks.o(.data)
    __stdout                                 0x200000cc   Data           4  stdout.o(.data)
    hrtc                                     0x200000d0   Data          20  rtc.o(.bss)
    hspi1                                    0x200000e4   Data          88  spi.o(.bss)
    usart2_rx_buf                            0x2000013c   Data         256  usart.o(.bss)
    huart4                                   0x2000023c   Data          64  usart.o(.bss)
    huart1                                   0x2000027c   Data          64  usart.o(.bss)
    huart2                                   0x200002bc   Data          64  usart.o(.bss)
    hdma_uart4_rx                            0x200002fc   Data          68  usart.o(.bss)
    hdma_uart4_tx                            0x20000340   Data          68  usart.o(.bss)
    hdma_usart1_rx                           0x20000384   Data          68  usart.o(.bss)
    hdma_usart1_tx                           0x200003c8   Data          68  usart.o(.bss)
    hdma_usart2_rx                           0x2000040c   Data          68  usart.o(.bss)
    hdma_usart2_tx                           0x20000450   Data          68  usart.o(.bss)
    htim1                                    0x20000494   Data          64  stm32f1xx_hal_timebase_tim.o(.bss)
    xQueueRegistry                           0x200004d4   Data          64  queue.o(.bss)
    __initial_sp                             0x20005a68   Data           0  startup_stm32f103xe.o(STACK)



==============================================================================

Memory Map of the image

  Image Entry point : 0x08000131

  Load Region LR_IROM1 (Base: 0x08000000, Size: 0x00004bb4, Max: 0x00080000, ABSOLUTE)

    Execution Region ER_IROM1 (Exec base: 0x08000000, Load base: 0x08000000, Size: 0x00004ae4, Max: 0x00080000, ABSOLUTE)

    Exec Addr    Load Addr    Size         Type   Attr      Idx    E Section Name        Object

    0x08000000   0x08000000   0x00000130   Data   RO            3    RESET               startup_stm32f103xe.o
    0x08000130   0x08000130   0x00000000   Code   RO         4935  * .ARM.Collect$$$$00000000  mc_w.l(entry.o)
    0x08000130   0x08000130   0x00000004   Code   RO         5211    .ARM.Collect$$$$00000001  mc_w.l(entry2.o)
    0x08000134   0x08000134   0x00000004   Code   RO         5214    .ARM.Collect$$$$00000004  mc_w.l(entry5.o)
    0x08000138   0x08000138   0x00000000   Code   RO         5216    .ARM.Collect$$$$00000008  mc_w.l(entry7b.o)
    0x08000138   0x08000138   0x00000000   Code   RO         5218    .ARM.Collect$$$$0000000A  mc_w.l(entry8b.o)
    0x08000138   0x08000138   0x00000008   Code   RO         5219    .ARM.Collect$$$$0000000B  mc_w.l(entry9a.o)
    0x08000140   0x08000140   0x00000000   Code   RO         5221    .ARM.Collect$$$$0000000D  mc_w.l(entry10a.o)
    0x08000140   0x08000140   0x00000000   Code   RO         5223    .ARM.Collect$$$$0000000F  mc_w.l(entry11a.o)
    0x08000140   0x08000140   0x00000004   Code   RO         5212    .ARM.Collect$$$$00002712  mc_w.l(entry2.o)
    0x08000144   0x08000144   0x00000096   Code   RO         4852    .emb_text           port.o
    0x080001da   0x080001da   0x00000002   PAD
    0x080001dc   0x080001dc   0x00000024   Code   RO            4    .text               startup_stm32f103xe.o
    0x08000200   0x08000200   0x00000024   Code   RO         4940    .text               mc_w.l(memcpya.o)
    0x08000224   0x08000224   0x00000024   Code   RO         4942    .text               mc_w.l(memseta.o)
    0x08000248   0x08000248   0x00000024   Code   RO         4944    .text               mc_w.l(strstr.o)
    0x0800026c   0x0800026c   0x00000024   Code   RO         5241    .text               mc_w.l(init.o)
    0x08000290   0x08000290   0x000000c0   Code   RO          697    i.AccessAPN         ec20.o
    0x08000350   0x08000350   0x000000b0   Code   RO          698    i.ActivationSystem  ec20.o
    0x08000400   0x08000400   0x00000002   Code   RO          516    i.BusFault_Handler  stm32f1xx_it.o
    0x08000402   0x08000402   0x00000002   Code   RO          258    i.Callback01        freertos.o
    0x08000404   0x08000404   0x00000002   Code   RO          259    i.Callback02        freertos.o
    0x08000406   0x08000406   0x00000002   Code   RO          260    i.Callback03        freertos.o
    0x08000408   0x08000408   0x000000cc   Code   RO          699    i.CheckGPRSInternet  ec20.o
    0x080004d4   0x080004d4   0x000000cc   Code   RO          700    i.CheckGSMInternet  ec20.o
    0x080005a0   0x080005a0   0x000000b8   Code   RO          701    i.CheckSIM          ec20.o
    0x08000658   0x08000658   0x000000ac   Code   RO          703    i.CheckWhetherReturnOK  ec20.o
    0x08000704   0x08000704   0x0000001c   Code   RO          704    i.Clear_Buffer      ec20.o
    0x08000720   0x08000720   0x0000000c   Code   RO          517    i.DMA1_Channel4_IRQHandler  stm32f1xx_it.o
    0x0800072c   0x0800072c   0x0000000c   Code   RO          518    i.DMA1_Channel5_IRQHandler  stm32f1xx_it.o
    0x08000738   0x08000738   0x0000000c   Code   RO          519    i.DMA1_Channel6_IRQHandler  stm32f1xx_it.o
    0x08000744   0x08000744   0x0000000c   Code   RO          520    i.DMA1_Channel7_IRQHandler  stm32f1xx_it.o
    0x08000750   0x08000750   0x0000000c   Code   RO          521    i.DMA2_Channel3_IRQHandler  stm32f1xx_it.o
    0x0800075c   0x0800075c   0x0000000c   Code   RO          522    i.DMA2_Channel4_5_IRQHandler  stm32f1xx_it.o
    0x08000768   0x08000768   0x0000002a   Code   RO         3080    i.DMA_SetConfig     stm32f1xx_hal_dma.o
    0x08000792   0x08000792   0x00000002   PAD
    0x08000794   0x08000794   0x000000b0   Code   RO          706    i.DeactivationSystem  ec20.o
    0x08000844   0x08000844   0x00000002   Code   RO          523    i.DebugMon_Handler  stm32f1xx_it.o
    0x08000846   0x08000846   0x00000002   PAD
    0x08000848   0x08000848   0x000001c4   Code   RO          710    i.EC20_Init         ec20.o
    0x08000a0c   0x08000a0c   0x00000028   Code   RO          712    i.Ec20PowerOn       ec20.o
    0x08000a34   0x08000a34   0x0000002c   Code   RO          713    i.Ec20Reset         ec20.o
    0x08000a60   0x08000a60   0x00000002   Code   RO           13    i.Error_Handler     main.o
    0x08000a62   0x08000a62   0x00000030   Code   RO         3081    i.HAL_DMA_Abort     stm32f1xx_hal_dma.o
    0x08000a92   0x08000a92   0x00000002   PAD
    0x08000a94   0x08000a94   0x00000130   Code   RO         3082    i.HAL_DMA_Abort_IT  stm32f1xx_hal_dma.o
    0x08000bc4   0x08000bc4   0x00000248   Code   RO         3086    i.HAL_DMA_IRQHandler  stm32f1xx_hal_dma.o
    0x08000e0c   0x08000e0c   0x0000007c   Code   RO         3087    i.HAL_DMA_Init      stm32f1xx_hal_dma.o
    0x08000e88   0x08000e88   0x00000070   Code   RO         3091    i.HAL_DMA_Start_IT  stm32f1xx_hal_dma.o
    0x08000ef8   0x08000ef8   0x000001e8   Code   RO         3017    i.HAL_GPIO_Init     stm32f1xx_hal_gpio.o
    0x080010e0   0x080010e0   0x0000000a   Code   RO         3021    i.HAL_GPIO_WritePin  stm32f1xx_hal_gpio.o
    0x080010ea   0x080010ea   0x00000002   PAD
    0x080010ec   0x080010ec   0x0000000c   Code   RO         2725    i.HAL_GetTick       stm32f1xx_hal.o
    0x080010f8   0x080010f8   0x00000010   Code   RO         2729    i.HAL_IncTick       stm32f1xx_hal.o
    0x08001108   0x08001108   0x00000024   Code   RO         2730    i.HAL_Init          stm32f1xx_hal.o
    0x0800112c   0x0800112c   0x00000074   Code   RO          658    i.HAL_InitTick      stm32f1xx_hal_timebase_tim.o
    0x080011a0   0x080011a0   0x00000048   Code   RO          634    i.HAL_MspInit       stm32f1xx_hal_msp.o
    0x080011e8   0x080011e8   0x00000016   Code   RO         3177    i.HAL_NVIC_EnableIRQ  stm32f1xx_hal_cortex.o
    0x080011fe   0x080011fe   0x00000002   PAD
    0x08001200   0x08001200   0x00000040   Code   RO         3183    i.HAL_NVIC_SetPriority  stm32f1xx_hal_cortex.o
    0x08001240   0x08001240   0x00000024   Code   RO         3184    i.HAL_NVIC_SetPriorityGrouping  stm32f1xx_hal_cortex.o
    0x08001264   0x08001264   0x00000024   Code   RO         3185    i.HAL_NVIC_SystemReset  stm32f1xx_hal_cortex.o
    0x08001288   0x08001288   0x0000000c   Code   RO         3299    i.HAL_PWR_EnableBkUpAccess  stm32f1xx_hal_pwr.o
    0x08001294   0x08001294   0x000000d4   Code   RO         2979    i.HAL_RCCEx_GetPeriphCLKFreq  stm32f1xx_hal_rcc_ex.o
    0x08001368   0x08001368   0x000000ec   Code   RO         2980    i.HAL_RCCEx_PeriphCLKConfig  stm32f1xx_hal_rcc_ex.o
    0x08001454   0x08001454   0x0000016c   Code   RO         2877    i.HAL_RCC_ClockConfig  stm32f1xx_hal_rcc.o
    0x080015c0   0x080015c0   0x00000040   Code   RO         2881    i.HAL_RCC_GetClockConfig  stm32f1xx_hal_rcc.o
    0x08001600   0x08001600   0x00000020   Code   RO         2884    i.HAL_RCC_GetPCLK1Freq  stm32f1xx_hal_rcc.o
    0x08001620   0x08001620   0x00000020   Code   RO         2885    i.HAL_RCC_GetPCLK2Freq  stm32f1xx_hal_rcc.o
    0x08001640   0x08001640   0x0000006c   Code   RO         2886    i.HAL_RCC_GetSysClockFreq  stm32f1xx_hal_rcc.o
    0x080016ac   0x080016ac   0x00000304   Code   RO         2889    i.HAL_RCC_OscConfig  stm32f1xx_hal_rcc.o
    0x080019b0   0x080019b0   0x000000a0   Code   RO          913    i.HAL_RTC_Init      stm32f1xx_hal_rtc.o
    0x08001a50   0x08001a50   0x00000034   Code   RO          364    i.HAL_RTC_MspInit   rtc.o
    0x08001a84   0x08001a84   0x000000c4   Code   RO          919    i.HAL_RTC_SetDate   stm32f1xx_hal_rtc.o
    0x08001b48   0x08001b48   0x000000ac   Code   RO          920    i.HAL_RTC_SetTime   stm32f1xx_hal_rtc.o
    0x08001bf4   0x08001bf4   0x0000003a   Code   RO          921    i.HAL_RTC_WaitForSynchro  stm32f1xx_hal_rtc.o
    0x08001c2e   0x08001c2e   0x00000082   Code   RO         1500    i.HAL_SPI_Init      stm32f1xx_hal_spi_ex.o
    0x08001cb0   0x08001cb0   0x00000070   Code   RO          406    i.HAL_SPI_MspInit   spi.o
    0x08001d20   0x08001d20   0x00000002   Code   RO         2155    i.HAL_TIMEx_BreakCallback  stm32f1xx_hal_tim_ex.o
    0x08001d22   0x08001d22   0x00000002   Code   RO         2156    i.HAL_TIMEx_CommutationCallback  stm32f1xx_hal_tim_ex.o
    0x08001d24   0x08001d24   0x00000036   Code   RO         1526    i.HAL_TIM_Base_Init  stm32f1xx_hal_tim.o
    0x08001d5a   0x08001d5a   0x00000002   Code   RO         1528    i.HAL_TIM_Base_MspInit  stm32f1xx_hal_tim.o
    0x08001d5c   0x08001d5c   0x00000018   Code   RO         1531    i.HAL_TIM_Base_Start_IT  stm32f1xx_hal_tim.o
    0x08001d74   0x08001d74   0x00000002   Code   RO         1555    i.HAL_TIM_IC_CaptureCallback  stm32f1xx_hal_tim.o
    0x08001d76   0x08001d76   0x00000166   Code   RO         1568    i.HAL_TIM_IRQHandler  stm32f1xx_hal_tim.o
    0x08001edc   0x08001edc   0x00000002   Code   RO         1571    i.HAL_TIM_OC_DelayElapsedCallback  stm32f1xx_hal_tim.o
    0x08001ede   0x08001ede   0x00000002   Code   RO         1598    i.HAL_TIM_PWM_PulseFinishedCallback  stm32f1xx_hal_tim.o
    0x08001ee0   0x08001ee0   0x00000014   Code   RO           14    i.HAL_TIM_PeriodElapsedCallback  main.o
    0x08001ef4   0x08001ef4   0x00000002   Code   RO         1609    i.HAL_TIM_TriggerCallback  stm32f1xx_hal_tim.o
    0x08001ef6   0x08001ef6   0x00000002   Code   RO         2409    i.HAL_UART_ErrorCallback  stm32f1xx_hal_uart.o
    0x08001ef8   0x08001ef8   0x00000110   Code   RO         2412    i.HAL_UART_IRQHandler  stm32f1xx_hal_uart.o
    0x08002008   0x08002008   0x00000062   Code   RO         2413    i.HAL_UART_Init     stm32f1xx_hal_uart.o
    0x0800206a   0x0800206a   0x00000002   PAD
    0x0800206c   0x0800206c   0x00000298   Code   RO          448    i.HAL_UART_MspInit  usart.o
    0x08002304   0x08002304   0x00000098   Code   RO         2417    i.HAL_UART_Receive_DMA  stm32f1xx_hal_uart.o
    0x0800239c   0x0800239c   0x00000002   Code   RO         2419    i.HAL_UART_RxCpltCallback  stm32f1xx_hal_uart.o
    0x0800239e   0x0800239e   0x00000002   Code   RO         2420    i.HAL_UART_RxHalfCpltCallback  stm32f1xx_hal_uart.o
    0x080023a0   0x080023a0   0x000000ba   Code   RO         2421    i.HAL_UART_Transmit  stm32f1xx_hal_uart.o
    0x0800245a   0x0800245a   0x00000002   Code   RO         2424    i.HAL_UART_TxCpltCallback  stm32f1xx_hal_uart.o
    0x0800245c   0x0800245c   0x00000002   Code   RO          524    i.HardFault_Handler  stm32f1xx_it.o
    0x0800245e   0x0800245e   0x00000002   PAD
    0x08002460   0x08002460   0x0000008c   Code   RO          234    i.MX_DMA_Init       dma.o
    0x080024ec   0x080024ec   0x000000ac   Code   RO          261    i.MX_FREERTOS_Init  freertos.o
    0x08002598   0x08002598   0x000000bc   Code   RO          210    i.MX_GPIO_Init      gpio.o
    0x08002654   0x08002654   0x0000006c   Code   RO          365    i.MX_RTC_Init       rtc.o
    0x080026c0   0x080026c0   0x00000048   Code   RO          407    i.MX_SPI1_Init      spi.o
    0x08002708   0x08002708   0x00000040   Code   RO          449    i.MX_UART4_Init     usart.o
    0x08002748   0x08002748   0x00000040   Code   RO          450    i.MX_USART1_UART_Init  usart.o
    0x08002788   0x08002788   0x00000040   Code   RO          451    i.MX_USART2_UART_Init  usart.o
    0x080027c8   0x080027c8   0x00000002   Code   RO          525    i.MemManage_Handler  stm32f1xx_it.o
    0x080027ca   0x080027ca   0x00000002   Code   RO          526    i.NMI_Handler       stm32f1xx_it.o
    0x080027cc   0x080027cc   0x00000020   Code   RO         3190    i.NVIC_SetPriority  stm32f1xx_hal_cortex.o
    0x080027ec   0x080027ec   0x00000002   Code   RO          262    i.PostSleepProcessing  freertos.o
    0x080027ee   0x080027ee   0x00000002   Code   RO          263    i.PreSleepProcessing  freertos.o
    0x080027f0   0x080027f0   0x00000012   Code   RO          922    i.RTC_Bcd2ToByte    stm32f1xx_hal_rtc.o
    0x08002802   0x08002802   0x00000034   Code   RO          925    i.RTC_EnterInitMode  stm32f1xx_hal_rtc.o
    0x08002836   0x08002836   0x00000002   PAD
    0x08002838   0x08002838   0x00000036   Code   RO          926    i.RTC_ExitInitMode  stm32f1xx_hal_rtc.o
    0x0800286e   0x0800286e   0x0000000e   Code   RO          927    i.RTC_ReadAlarmCounter  stm32f1xx_hal_rtc.o
    0x0800287c   0x0800287c   0x00000020   Code   RO          928    i.RTC_ReadTimeCounter  stm32f1xx_hal_rtc.o
    0x0800289c   0x0800289c   0x00000056   Code   RO          929    i.RTC_WeekDayNum    stm32f1xx_hal_rtc.o
    0x080028f2   0x080028f2   0x00000028   Code   RO          930    i.RTC_WriteAlarmCounter  stm32f1xx_hal_rtc.o
    0x0800291a   0x0800291a   0x00000028   Code   RO          931    i.RTC_WriteTimeCounter  stm32f1xx_hal_rtc.o
    0x08002942   0x08002942   0x00000004   Code   RO          264    i.RebootEc20        freertos.o
    0x08002946   0x08002946   0x00000002   PAD
    0x08002948   0x08002948   0x0000004c   Code   RO          265    i.StartDefaultTask  freertos.o
    0x08002994   0x08002994   0x0000000c   Code   RO          266    i.StartTask02       freertos.o
    0x080029a0   0x080029a0   0x0000002c   Code   RO         4853    i.SysTick_Handler   port.o
    0x080029cc   0x080029cc   0x00000068   Code   RO           15    i.SystemClock_Config  main.o
    0x08002a34   0x08002a34   0x00000048   Code   RO         3606    i.SystemInit        system_stm32f1xx.o
    0x08002a7c   0x08002a7c   0x0000000c   Code   RO          527    i.TIM1_UP_IRQHandler  stm32f1xx_it.o
    0x08002a88   0x08002a88   0x0000008c   Code   RO         1610    i.TIM_Base_SetConfig  stm32f1xx_hal_tim.o
    0x08002b14   0x08002b14   0x00000050   Code   RO          528    i.UART4_IRQHandler  stm32f1xx_it.o
    0x08002b64   0x08002b64   0x00000010   Code   RO         2426    i.UART_DMAAbortOnError  stm32f1xx_hal_uart.o
    0x08002b74   0x08002b74   0x0000004a   Code   RO         2427    i.UART_DMAError     stm32f1xx_hal_uart.o
    0x08002bbe   0x08002bbe   0x0000003c   Code   RO         2428    i.UART_DMAReceiveCplt  stm32f1xx_hal_uart.o
    0x08002bfa   0x08002bfa   0x0000000a   Code   RO         2430    i.UART_DMARxHalfCplt  stm32f1xx_hal_uart.o
    0x08002c04   0x08002c04   0x0000001c   Code   RO         2436    i.UART_EndRxTransfer  stm32f1xx_hal_uart.o
    0x08002c20   0x08002c20   0x00000012   Code   RO         2437    i.UART_EndTxTransfer  stm32f1xx_hal_uart.o
    0x08002c32   0x08002c32   0x00000096   Code   RO         2438    i.UART_Receive_IT   stm32f1xx_hal_uart.o
    0x08002cc8   0x08002cc8   0x00000170   Code   RO         2439    i.UART_SetConfig    stm32f1xx_hal_uart.o
    0x08002e38   0x08002e38   0x00000062   Code   RO         2440    i.UART_Transmit_IT  stm32f1xx_hal_uart.o
    0x08002e9a   0x08002e9a   0x00000064   Code   RO         2441    i.UART_WaitOnFlagUntilTimeout  stm32f1xx_hal_uart.o
    0x08002efe   0x08002efe   0x00000002   PAD
    0x08002f00   0x08002f00   0x00000050   Code   RO          529    i.USART1_IRQHandler  stm32f1xx_it.o
    0x08002f50   0x08002f50   0x00000050   Code   RO          530    i.USART2_IRQHandler  stm32f1xx_it.o
    0x08002fa0   0x08002fa0   0x00000002   Code   RO          531    i.UsageFault_Handler  stm32f1xx_it.o
    0x08002fa2   0x08002fa2   0x00000002   PAD
    0x08002fa4   0x08002fa4   0x00000020   Code   RO         5017    i.__0printf$2       mc_w.l(printf2.o)
    0x08002fc4   0x08002fc4   0x0000000e   Code   RO         5251    i.__scatterload_copy  mc_w.l(handlers.o)
    0x08002fd2   0x08002fd2   0x00000002   Code   RO         5252    i.__scatterload_null  mc_w.l(handlers.o)
    0x08002fd4   0x08002fd4   0x0000000e   Code   RO         5253    i.__scatterload_zeroinit  mc_w.l(handlers.o)
    0x08002fe2   0x08002fe2   0x000000d6   Code   RO         5024    i._printf_core      mc_w.l(printf2.o)
    0x080030b8   0x080030b8   0x00000030   Code   RO         3944    i.eTaskConfirmSleepModeStatus  tasks.o
    0x080030e8   0x080030e8   0x00000018   Code   RO          452    i.fputc             usart.o
    0x08003100   0x08003100   0x0000000c   Code   RO         4422    i.inHandlerMode     cmsis_os.o
    0x0800310c   0x0800310c   0x0000002e   Code   RO           16    i.main              main.o
    0x0800313a   0x0800313a   0x0000000c   Code   RO         4424    i.makeFreeRtosPriority  cmsis_os.o
    0x08003146   0x08003146   0x0000000e   Code   RO         4426    i.osDelay           cmsis_os.o
    0x08003154   0x08003154   0x0000000a   Code   RO         4429    i.osKernelStart     cmsis_os.o
    0x0800315e   0x0800315e   0x00000008   Code   RO         4438    i.osMessageCreate   cmsis_os.o
    0x08003166   0x08003166   0x00000006   Code   RO         4444    i.osMutexCreate     cmsis_os.o
    0x0800316c   0x0800316c   0x00000026   Code   RO         4455    i.osSemaphoreCreate  cmsis_os.o
    0x08003192   0x08003192   0x0000002e   Code   RO         4463    i.osThreadCreate    cmsis_os.o
    0x080031c0   0x080031c0   0x00000024   Code   RO         4476    i.osTimerCreate     cmsis_os.o
    0x080031e4   0x080031e4   0x0000005c   Code   RO         4478    i.osTimerStart      cmsis_os.o
    0x08003240   0x08003240   0x00000058   Code   RO         4479    i.osTimerStop       cmsis_os.o
    0x08003298   0x08003298   0x00000070   Code   RO         3947    i.prvAddCurrentTaskToDelayedList  tasks.o
    0x08003308   0x08003308   0x000000d4   Code   RO         3948    i.prvAddNewTaskToReadyList  tasks.o
    0x080033dc   0x080033dc   0x00000050   Code   RO         4305    i.prvCheckForValidListAndQueue  timers.o
    0x0800342c   0x0800342c   0x00000050   Code   RO         3949    i.prvCheckTasksWaitingTermination  tasks.o
    0x0800347c   0x0800347c   0x00000026   Code   RO         3781    i.prvCopyDataFromQueue  queue.o
    0x080034a2   0x080034a2   0x0000006c   Code   RO         3782    i.prvCopyDataToQueue  queue.o
    0x0800350e   0x0800350e   0x00000014   Code   RO         3950    i.prvDeleteTCB      tasks.o
    0x08003522   0x08003522   0x00000002   PAD
    0x08003524   0x08003524   0x00000034   Code   RO         3951    i.prvGetExpectedIdleTime  tasks.o
    0x08003558   0x08003558   0x0000004c   Code   RO         4803    i.prvHeapInit       heap_4.o
    0x080035a4   0x080035a4   0x00000064   Code   RO         3952    i.prvIdleTask       tasks.o
    0x08003608   0x08003608   0x0000009c   Code   RO         3953    i.prvInitialiseNewTask  tasks.o
    0x080036a4   0x080036a4   0x0000004c   Code   RO         4804    i.prvInsertBlockIntoFreeList  heap_4.o
    0x080036f0   0x080036f0   0x00000038   Code   RO         4306    i.prvInsertTimerInActiveList  timers.o
    0x08003728   0x08003728   0x0000001c   Code   RO         3783    i.prvIsQueueEmpty   queue.o
    0x08003744   0x08003744   0x000000b8   Code   RO         4307    i.prvProcessReceivedCommands  timers.o
    0x080037fc   0x080037fc   0x000000b4   Code   RO         4308    i.prvProcessTimerOrBlockTask  timers.o
    0x080038b0   0x080038b0   0x00000020   Code   RO         3955    i.prvResetNextTaskUnblockTime  tasks.o
    0x080038d0   0x080038d0   0x00000028   Code   RO         4309    i.prvSampleTimeNow  timers.o
    0x080038f8   0x080038f8   0x0000006c   Code   RO         4310    i.prvSwitchTimerLists  timers.o
    0x08003964   0x08003964   0x00000028   Code   RO         4854    i.prvTaskExitError  port.o
    0x0800398c   0x0800398c   0x00000024   Code   RO         4311    i.prvTimerTask      timers.o
    0x080039b0   0x080039b0   0x0000006a   Code   RO         3784    i.prvUnlockQueue    queue.o
    0x08003a1a   0x08003a1a   0x00000002   PAD
    0x08003a1c   0x08003a1c   0x000000d8   Code   RO         4805    i.pvPortMalloc      heap_4.o
    0x08003af4   0x08003af4   0x00000018   Code   RO         3959    i.pvTaskIncrementMutexHeldCount  tasks.o
    0x08003b0c   0x08003b0c   0x00000024   Code   RO         4855    i.pxPortInitialiseStack  port.o
    0x08003b30   0x08003b30   0x00000024   Code   RO         3744    i.uxListRemove      list.o
    0x08003b54   0x08003b54   0x00000016   Code   RO         3745    i.vListInitialise   list.o
    0x08003b6a   0x08003b6a   0x00000006   Code   RO         3746    i.vListInitialiseItem  list.o
    0x08003b70   0x08003b70   0x00000030   Code   RO         3747    i.vListInsert       list.o
    0x08003ba0   0x08003ba0   0x00000018   Code   RO         3748    i.vListInsertEnd    list.o
    0x08003bb8   0x08003bb8   0x00000040   Code   RO         4857    i.vPortEnterCritical  port.o
    0x08003bf8   0x08003bf8   0x00000028   Code   RO         4858    i.vPortExitCritical  port.o
    0x08003c20   0x08003c20   0x0000005c   Code   RO         4806    i.vPortFree         heap_4.o
    0x08003c7c   0x08003c7c   0x00000044   Code   RO         4859    i.vPortSetupTimerInterrupt  port.o
    0x08003cc0   0x08003cc0   0x000000e8   Code   RO         4860    i.vPortSuppressTicksAndSleep  port.o
    0x08003da8   0x08003da8   0x00000054   Code   RO         4861    i.vPortValidateInterruptPriority  port.o
    0x08003dfc   0x08003dfc   0x00000028   Code   RO         3790    i.vQueueAddToRegistry  queue.o
    0x08003e24   0x08003e24   0x00000044   Code   RO         3794    i.vQueueWaitForMessageRestricted  queue.o
    0x08003e68   0x08003e68   0x0000004c   Code   RO         3968    i.vTaskDelay        tasks.o
    0x08003eb4   0x08003eb4   0x0000000c   Code   RO         3972    i.vTaskMissedYield  tasks.o
    0x08003ec0   0x08003ec0   0x00000030   Code   RO         3974    i.vTaskPlaceOnEventList  tasks.o
    0x08003ef0   0x08003ef0   0x00000038   Code   RO         3975    i.vTaskPlaceOnEventListRestricted  tasks.o
    0x08003f28   0x08003f28   0x00000084   Code   RO         3977    i.vTaskPriorityInherit  tasks.o
    0x08003fac   0x08003fac   0x00000024   Code   RO         3981    i.vTaskSetTimeOutState  tasks.o
    0x08003fd0   0x08003fd0   0x00000070   Code   RO         3982    i.vTaskStartScheduler  tasks.o
    0x08004040   0x08004040   0x00000028   Code   RO         3983    i.vTaskStepTick     tasks.o
    0x08004068   0x08004068   0x00000010   Code   RO         3985    i.vTaskSuspendAll   tasks.o
    0x08004078   0x08004078   0x0000005c   Code   RO         3986    i.vTaskSwitchContext  tasks.o
    0x080040d4   0x080040d4   0x00000074   Code   RO         4862    i.xPortStartScheduler  port.o
    0x08004148   0x08004148   0x00000024   Code   RO         3795    i.xQueueCreateMutex  queue.o
    0x0800416c   0x0800416c   0x00000052   Code   RO         3796    i.xQueueGenericCreate  queue.o
    0x080041be   0x080041be   0x00000002   PAD
    0x080041c0   0x080041c0   0x0000016c   Code   RO         3797    i.xQueueGenericReceive  queue.o
    0x0800432c   0x0800432c   0x00000088   Code   RO         3798    i.xQueueGenericReset  queue.o
    0x080043b4   0x080043b4   0x00000160   Code   RO         3799    i.xQueueGenericSend  queue.o
    0x08004514   0x08004514   0x000000bc   Code   RO         3800    i.xQueueGenericSendFromISR  queue.o
    0x080045d0   0x080045d0   0x0000006c   Code   RO         3987    i.xTaskCheckForTimeOut  tasks.o
    0x0800463c   0x0800463c   0x00000056   Code   RO         3988    i.xTaskCreate       tasks.o
    0x08004692   0x08004692   0x00000002   PAD
    0x08004694   0x08004694   0x0000001c   Code   RO         3993    i.xTaskGetSchedulerState  tasks.o
    0x080046b0   0x080046b0   0x0000000c   Code   RO         3994    i.xTaskGetTickCount  tasks.o
    0x080046bc   0x080046bc   0x000000c8   Code   RO         3996    i.xTaskIncrementTick  tasks.o
    0x08004784   0x08004784   0x00000098   Code   RO         3999    i.xTaskPriorityDisinherit  tasks.o
    0x0800481c   0x0800481c   0x0000007c   Code   RO         4000    i.xTaskRemoveFromEventList  tasks.o
    0x08004898   0x08004898   0x000000c4   Code   RO         4002    i.xTaskResumeAll    tasks.o
    0x0800495c   0x0800495c   0x0000004e   Code   RO         4314    i.xTimerCreate      timers.o
    0x080049aa   0x080049aa   0x00000002   PAD
    0x080049ac   0x080049ac   0x0000004c   Code   RO         4315    i.xTimerCreateTimerTask  timers.o
    0x080049f8   0x080049f8   0x00000060   Code   RO         4316    i.xTimerGenericCommand  timers.o
    0x08004a58   0x08004a58   0x00000040   Data   RO          267    .constdata          freertos.o
    0x08004a98   0x08004a98   0x00000010   Data   RO         3607    .constdata          system_stm32f1xx.o
    0x08004aa8   0x08004aa8   0x00000008   Data   RO         3608    .constdata          system_stm32f1xx.o
    0x08004ab0   0x08004ab0   0x00000012   Data   RO          268    .conststring        freertos.o
    0x08004ac2   0x08004ac2   0x00000002   PAD
    0x08004ac4   0x08004ac4   0x00000020   Data   RO         5249    Region$$Table       anon$$obj.o


    Execution Region RW_IRAM1 (Exec base: 0x20000000, Load base: 0x08004ae4, Size: 0x00005a68, Max: 0x00010000, ABSOLUTE)

    Exec Addr    Load Addr    Size         Type   Attr      Idx    E Section Name        Object

    0x20000000   0x08004ae4   0x00000024   Data   RW          269    .data               freertos.o
    0x20000024   0x08004b08   0x00000001   Data   RW          457    .data               usart.o
    0x20000025   0x08004b09   0x00000001   Data   RW          458    .data               usart.o
    0x20000026   0x08004b0a   0x00000001   Data   RW          459    .data               usart.o
    0x20000027   0x08004b0b   0x00000001   PAD
    0x20000028   0x08004b0c   0x00000002   Data   RW          460    .data               usart.o
    0x2000002a   0x08004b0e   0x00000002   Data   RW          461    .data               usart.o
    0x2000002c   0x08004b10   0x00000002   Data   RW          462    .data               usart.o
    0x2000002e   0x08004b12   0x00000002   PAD
    0x20000030   0x08004b14   0x0000000c   Data   RW          741    .data               ec20.o
    0x2000003c   0x08004b20   0x0000000c   Data   RW         2737    .data               stm32f1xx_hal.o
    0x20000048   0x08004b2c   0x00000004   Data   RW         3609    .data               system_stm32f1xx.o
    0x2000004c   0x08004b30   0x0000003c   Data   RW         4005    .data               tasks.o
    0x20000088   0x08004b6c   0x00000014   Data   RW         4322    .data               timers.o
    0x2000009c   0x08004b80   0x00000018   Data   RW         4811    .data               heap_4.o
    0x200000b4   0x08004b98   0x00000018   Data   RW         4863    .data               port.o
    0x200000cc   0x08004bb0   0x00000004   Data   RW         5225    .data               mc_w.l(stdout.o)
    0x200000d0        -       0x00000014   Zero   RW          366    .bss                rtc.o
    0x200000e4        -       0x00000058   Zero   RW          408    .bss                spi.o
    0x2000013c        -       0x00000100   Zero   RW          454    .bss                usart.o
    0x2000023c        -       0x00000258   Zero   RW          456    .bss                usart.o
    0x20000494        -       0x00000040   Zero   RW          661    .bss                stm32f1xx_hal_timebase_tim.o
    0x200004d4        -       0x00000040   Zero   RW         3806    .bss                queue.o
    0x20000514        -       0x0000012c   Zero   RW         4004    .bss                tasks.o
    0x20000640        -       0x00000028   Zero   RW         4321    .bss                timers.o
    0x20000668        -       0x00005000   Zero   RW         4810    .bss                heap_4.o
    0x20005668        -       0x00000400   Zero   RW            1    STACK               startup_stm32f103xe.o


==============================================================================

Image component sizes


      Code (inc. data)   RO Data    RW Data    ZI Data      Debug   Object Name

       362         16          0          0          0      18736   cmsis_os.o
       140          4          0          0          0        786   dma.o
      1872        558          0         12          0       8576   ec20.o
         0          0          0          0          0       9528   event_groups.o
       274         30         82         36          0       5862   freertos.o
       188         12          0          0          0        919   gpio.o
       460         24          0         24      20480       4591   heap_4.o
       136          0          0          0          0       3314   list.o
       172          6          0          0          0     510528   main.o
       874         80          0         24          0      12030   port.o
      1546         20          0          0         64      14433   queue.o
       160         20          0          0         20       1487   rtc.o
       184         24          0          0         88       1557   spi.o
        36          8        304          0       1024        788   startup_stm32f103xe.o
        64         14          0         12          0       5170   stm32f1xx_hal.o
       190         24          0          0          0      25497   stm32f1xx_hal_cortex.o
      1214         52          0          0          0       4938   stm32f1xx_hal_dma.o
       498         42          0          0          0       2848   stm32f1xx_hal_gpio.o
        72         10          0          0          0        818   stm32f1xx_hal_msp.o
        12          4          0          0          0        499   stm32f1xx_hal_pwr.o
      1372        108          0          0          0       5761   stm32f1xx_hal_rcc.o
       448         44          0          0          0       2529   stm32f1xx_hal_rcc_ex.o
       922         14          0          0          0       9208   stm32f1xx_hal_rtc.o
       130          0          0          0          0       1039   stm32f1xx_hal_spi_ex.o
       586         20          0          0          0       6630   stm32f1xx_hal_tim.o
         4          0          0          0          0       1522   stm32f1xx_hal_tim_ex.o
       116         18          0          0         64       1355   stm32f1xx_hal_timebase_tim.o
      1638         24          0          0          0      12416   stm32f1xx_hal_uart.o
       336         78          0          0          0       7847   stm32f1xx_it.o
        72         16         24          4          0       1115   system_stm32f1xx.o
      2362        214          0         60        300      25113   tasks.o
       934         80          0         20         40      18618   timers.o
       880         82          0          9        856       4290   usart.o

    ----------------------------------------------------------------------
     18288       1646        444        204      22936     730348   Object Totals
         0          0         32          0          0          0   (incl. Generated)
        34          0          2          3          0          0   (incl. Padding)

    ----------------------------------------------------------------------

      Code (inc. data)   RO Data    RW Data    ZI Data      Debug   Library Member Name

         0          0          0          0          0          0   entry.o
         0          0          0          0          0          0   entry10a.o
         0          0          0          0          0          0   entry11a.o
         8          4          0          0          0          0   entry2.o
         4          0          0          0          0          0   entry5.o
         0          0          0          0          0          0   entry7b.o
         0          0          0          0          0          0   entry8b.o
         8          4          0          0          0          0   entry9a.o
        30          0          0          0          0          0   handlers.o
        36          8          0          0          0         68   init.o
        36          0          0          0          0         68   memcpya.o
        36          0          0          0          0        108   memseta.o
       246         10          0          0          0        176   printf2.o
         0          0          0          4          0          0   stdout.o
        36          0          0          0          0         80   strstr.o

    ----------------------------------------------------------------------
       440         26          0          4          0        500   Library Totals
         0          0          0          0          0          0   (incl. Padding)

    ----------------------------------------------------------------------

      Code (inc. data)   RO Data    RW Data    ZI Data      Debug   Library Name

       440         26          0          4          0        500   mc_w.l

    ----------------------------------------------------------------------
       440         26          0          4          0        500   Library Totals

    ----------------------------------------------------------------------

==============================================================================


      Code (inc. data)   RO Data    RW Data    ZI Data      Debug   

     18728       1672        444        208      22936     720600   Grand Totals
     18728       1672        444        208      22936     720600   ELF Image Totals
     18728       1672        444        208          0          0   ROM Totals

==============================================================================

    Total RO  Size (Code + RO Data)                19172 (  18.72kB)
    Total RW  Size (RW Data + ZI Data)             23144 (  22.60kB)
    Total ROM Size (Code + RO Data + RW Data)      19380 (  18.93kB)

==============================================================================

